cargo : warning: unused import: `Mmap`
At line:1 char:1
+ cargo check --lib 2>&1 | Tee-Object -FilePath errors.txt; 
Get-Content ...
+ ~~~~~~~~~~~~~~~~~~~~~~
    + CategoryInfo          : NotSpecified: (warning: unused import 
   : `Mmap`:String) [], RemoteException
    + FullyQualifiedErrorId : NativeCommandError
 
  --> src\storage\mmap.rs:12:15
   |
12 | use memmap2::{Mmap, MmapMut, MmapOptions};
   |               ^^^^
   |
   = note: `#[warn(unused_imports)]` (part of `#[warn(unused)]`) on 
by default

warning: unused imports: `WALEntry` and `WAL`
  --> src\storage\snapshot.rs:13:20
   |
13 |     storage::wal::{WAL, WALEntry},
   |                    ^^^  ^^^^^^^^

warning: unused imports: `debug` and `error`
  --> src\storage\snapshot.rs:23:15
   |
23 | use tracing::{debug, error, info, warn};
   |               ^^^^^  ^^^^^

warning: unused import: `std::sync::Arc`
  --> src\index\vector_index.rs:28:5
   |
28 | use std::sync::Arc;
   |     ^^^^^^^^^^^^^^

warning: unused import: `Duration`
  --> src\index\vector_index.rs:29:17
   |
29 | use std::time::{Duration, Instant};
   |                 ^^^^^^^^

warning: unused imports: `debug`, `info`, `trace`, and `warn`
  --> src\index\vector_index.rs:30:15
   |
30 | use tracing::{debug, info, trace, warn};
   |               ^^^^^  ^^^^  ^^^^^  ^^^^

warning: unused import: `tracing::info`
  --> src\index\hybrid_search.rs:24:5
   |
24 | use tracing::info;
   |     ^^^^^^^^^^^^^

warning: unused imports: `Query` and `Response`
 --> src\api\qdrant_compat.rs:7:21
  |
7 |     extract::{Path, Query, State},
  |                     ^^^^^
8 |     http::StatusCode,
9 |     response::{IntoResponse, Response},
  |                              ^^^^^^^^

warning: unused import: `debug`
  --> src\api\qdrant_compat.rs:17:15
   |
17 | use tracing::{debug, error, info, warn};
   |               ^^^^^

warning: unused imports: `Distance`, `Result`, and `SnapshotConfig`
  --> src\api\qdrant_compat.rs:21:25
   |
21 |     storage::snapshot::{SnapshotConfig, SnapshotManager, 
SnapshotDescription},
   |                         ^^^^^^^^^^^^^^
22 |     CollectionConfig, Distance, Result, SearchRequest as 
CoreSearchRequest,
   |                       ^^^^^^^^  ^^^^^^

warning: unused import: `server::ObservabilityServer`
  --> src\api\mod.rs:15:54
   |
15 |     observability::{MetricsCollector, HealthChecker, 
server::ObservabilityServer},
   |                                                      
^^^^^^^^^^^^^^^^^^^^^^^^^^^

warning: unused import: `std::collections::HashMap`
 --> src\cluster\raft\types.rs:7:5
  |
7 | use std::collections::HashMap;
  |     ^^^^^^^^^^^^^^^^^^^^^^^^^

warning: unused import: `Instant`
 --> src\cluster\raft\types.rs:9:27
  |
9 | use std::time::{Duration, Instant};
  |                           ^^^^^^^

warning: unused import: `HashSet`
 --> src\cluster\raft\node.rs:8:33
  |
8 | use std::collections::{HashMap, HashSet, VecDeque};
  |                                 ^^^^^^^

warning: unused import: `std::sync::Arc`
  --> src\cluster\raft\mod.rs:52:5
   |
52 | use std::sync::Arc;
   |     ^^^^^^^^^^^^^^

warning: unused import: `mpsc`
  --> src\cluster\raft\mod.rs:53:19
   |
53 | use tokio::sync::{mpsc, oneshot};
   |                   ^^^^

warning: unused imports: `debug`, `error`, `info`, and `warn`
  --> src\cluster\raft\mod.rs:54:15
   |
54 | use tracing::{debug, error, info, warn};
   |               ^^^^^  ^^^^^  ^^^^  ^^^^

warning: unused import: `debug`
  --> src\cluster\replication.rs:39:15
   |
39 | use tracing::{debug, info, trace};
   |               ^^^^^

warning: unused imports: `Request`, `State`, and `middleware::Next`
  --> src\auth\mod.rs:13:15
   |
13 |     extract::{Request, State},
   |               ^^^^^^^  ^^^^^
14 |     http::{header, StatusCode},
15 |     middleware::Next,
   |     ^^^^^^^^^^^^^^^^

warning: unused import: `std::sync::Arc`
  --> src\auth\mod.rs:21:5
   |
21 | use std::sync::Arc;
   |     ^^^^^^^^^^^^^^

warning: unused import: `TraceError`
  --> src\observability\tracing.rs:15:30
   |
15 |     trace::{TraceContextExt, TraceError},
   |                              ^^^^^^^^^^

warning: unused import: `BatchConfig`
  --> src\observability\tracing.rs:22:13
   |
22 |     trace::{BatchConfig, RandomIdGenerator, Sampler},
   |             ^^^^^^^^^^^

warning: unused import: `std::time::Duration`
  --> src\observability\performance.rs:18:5
   |
18 | use std::time::Duration;
   |     ^^^^^^^^^^^^^^^^^^^

warning: unused import: `HasIdCondition`
 --> src\filter.rs:9:48
  |
9 | use crate::{Condition, FieldCondition, Filter, HasIdCondition, 
Match, MatchValue, Range, Vector, VectorId};
  |                                                ^^^^^^^^^^^^^^

warning: unused import: `std::collections::HashMap`
  --> src\filter.rs:11:5
   |
11 | use std::collections::HashMap;
   |     ^^^^^^^^^^^^^^^^^^^^^^^^^

warning: unused variable: `state`
   --> src\api\qdrant_compat.rs:351:11
    |
351 |     State(state): State<QdrantState>,
    |           ^^^^^ help: if this is intentional, prefix it with 
an underscore: `_state`
    |
    = note: `#[warn(unused_variables)]` (part of `#[warn(unused)]`) 
on by default

warning: unused variable: `state`
   --> src\api\qdrant_compat.rs:363:11
    |
363 |     State(state): State<QdrantState>,
    |           ^^^^^ help: if this is intentional, prefix it with 
an underscore: `_state`

warning: unused variable: `name`
   --> src\api\qdrant_compat.rs:863:10
    |
863 |     Path(name): Path<String>,
    |          ^^^^ help: if this is intentional, prefix it with an 
underscore: `_name`

warning: unused variable: `state`
   --> src\api\qdrant_compat.rs:864:11
    |
864 |     State(state): State<QdrantState>,
    |           ^^^^^ help: if this is intentional, prefix it with 
an underscore: `_state`

warning: unused variable: `request`
   --> src\api\qdrant_compat.rs:865:10
    |
865 |     Json(request): Json<ScrollRequest>,
    |          ^^^^^^^ help: if this is intentional, prefix it with 
an underscore: `_request`

warning: unused variable: `state`
    --> src\api\qdrant_compat.rs:1015:11
     |
1015 |     State(state): State<QdrantState>,
     |           ^^^^^ help: if this is intentional, prefix it with 
an underscore: `_state`

warning: unused variable: `rest_handle`
  --> src\api\mod.rs:80:9
   |
80 |     let rest_handle = tokio::spawn({
   |         ^^^^^^^^^^^ help: if this is intentional, prefix it 
with an underscore: `_rest_handle`

warning: unused variable: `follower_infos`
   --> src\cluster\replication.rs:505:17
    |
505 |             let follower_infos: Vec<_> = followers
    |                 ^^^^^^^^^^^^^^ help: if this is intentional, 
prefix it with an underscore: `_follower_infos`

warning: variable `completed` is assigned to, but never used
   --> src\cluster\replication.rs:523:21
    |
523 |             let mut completed = 0;
    |                     ^^^^^^^^^
    |
    = note: consider using `_completed` instead
help: you might have meant to pattern match on the similarly named 
constant `DEFAULT_COMPRESSION_LEVEL`
    |
523 -             let mut completed = 0;
523 +             let mut 
storage::snapshot::DEFAULT_COMPRESSION_LEVEL = 0;
    |

warning: unused import: `propagation::TextMapPropagator`
  --> src\observability\tracing.rs:14:5
   |
14 |     propagation::TextMapPropagator,
   |     ^^^^^^^^^^^^^^^^^^^^^^^^^^^^^^

warning: unused variable: `capacity`
   --> src\storage\mmap.rs:148:13
    |
148 |         let capacity = mmap.len() / vector_size;
    |             ^^^^^^^^
    |
help: if this is intentional, prefix it with an underscore
    |
148 |         let _capacity = mmap.len() / vector_size;
    |             +
help: you might have meant to pattern match on the similarly named 
constant `VIRTUAL_NODES`
    |
148 -         let capacity = mmap.len() / vector_size;
148 +         let cluster::hash_ring::VIRTUAL_NODES = mmap.len() / 
vector_size;
    |

warning: unused variable: `dist`
   --> src\storage\mmap.rs:277:25
    |
277 |         while let Some((dist, node_id)) = candidates.pop() {
    |                         ^^^^ help: if this is intentional, 
prefix it with an underscore: `_dist`

warning: value assigned to `results` is never read
   --> src\index\vector_index.rs:748:17
    |
748 |         let mut results = Vec::new();
    |                 ^^^^^^^
    |
    = help: maybe it is overwritten before being read?
    = note: `#[warn(unused_assignments)]` (part of 
`#[warn(unused)]`) on by default

warning: unused variable: `filter`
   --> src\index\vector_index.rs:733:9
    |
733 |         filter: F,
    |         ^^^^^^ help: if this is intentional, prefix it with 
an underscore: `_filter`

warning: variable does not need to be mutable
   --> src\cluster\raft\node.rs:418:13
    |
418 |         let mut entries = msg.entries.clone();
    |             ----^^^^^^^
    |             |
    |             help: remove this `mut`
    |
    = note: `#[warn(unused_mut)]` (part of `#[warn(unused)]`) on by 
default

warning: unused variable: `msg`
   --> src\cluster\raft\node.rs:683:21
    |
683 |                 let msg = Message {
    |                     ^^^ help: if this is intentional, prefix 
it with an underscore: `_msg`

warning: unused variable: `last_term`
   --> src\cluster\raft\node.rs:701:13
    |
701 |         let last_term = self.last_term();
    |             ^^^^^^^^^
    |
help: if this is intentional, prefix it with an underscore
    |
701 |         let _last_term = self.last_term();
    |             +
help: you might have meant to pattern match on the similarly named 
constant `STARTUP_GRACE_PERIOD_SECS`
    |
701 -         let last_term = self.last_term();
701 +         let observability::server::startup_handler::{closure#0
}::STARTUP_GRACE_PERIOD_SECS = self.last_term();
    |

warning: unused variable: `msg`
   --> src\cluster\raft\node.rs:706:21
    |
706 |                 let msg = Message {
    |                     ^^^ help: if this is intentional, prefix 
it with an underscore: `_msg`

warning: unused variable: `now`
   --> src\cluster\raft\node.rs:827:13
    |
827 |         let now = Instant::now();
    |             ^^^ help: if this is intentional, prefix it with 
an underscore: `_now`

warning: unused variable: `active_threshold`
   --> src\cluster\raft\node.rs:828:13
    |
828 |         let active_threshold = 
self.config.election_timeout_max;
    |             ^^^^^^^^^^^^^^^^ help: if this is intentional, 
prefix it with an underscore: `_active_threshold`

warning: unused variable: `prev_term`
   --> src\cluster\raft\node.rs:882:21
    |
882 |                 let prev_term = self.log_term(prev_index);
    |                     ^^^^^^^^^
    |
help: if this is intentional, prefix it with an underscore
    |
882 |                 let _prev_term = self.log_term(prev_index);
    |                     +
help: you might have meant to pattern match on the similarly named 
constant `STARTUP_GRACE_PERIOD_SECS`
    |
882 -                 let prev_term = self.log_term(prev_index);
882 +                 let observability::server::startup_handler::{c
losure#0}::STARTUP_GRACE_PERIOD_SECS = self.log_term(prev_index);
    |

warning: unused variable: `end`
   --> src\cluster\raft\node.rs:901:17
    |
901 |             let end = self.commit_index + 1;
    |                 ^^^
    |
help: if this is intentional, prefix it with an underscore
    |
901 |             let _end = self.commit_index + 1;
    |                 +
help: you might have meant to pattern match on the similarly named 
constant `STARTUP_GRACE_PERIOD_SECS`
    |
901 -             let end = self.commit_index + 1;
901 +             let observability::server::startup_handler::{closu
re#0}::STARTUP_GRACE_PERIOD_SECS = self.commit_index + 1;
    |

warning: unused variable: `collection`
   --> src\auth\mod.rs:143:41
    |
143 |     pub fn can_access_collection(&self, collection: &str) -> 
bool {
    |                                         ^^^^^^^^^^ help: if 
this is intentional, prefix it with an underscore: `_collection`

warning: unused variable: `status`
   --> src\observability\metrics.rs:435:13
    |
435 |         let status = if success { "success" } else { "error" 
};
    |             ^^^^^^ help: if this is intentional, prefix it 
with an underscore: `_status`

warning: unused variable: `histogram_name`
   --> src\observability\metrics.rs:446:13
    |
446 |         let histogram_name = 
format!("rtdb_{}_duration_seconds", name);
    |             ^^^^^^^^^^^^^^ help: if this is intentional, 
prefix it with an underscore: `_histogram_name`

warning: unused variable: `labels`
   --> src\observability\metrics.rs:447:13
    |
447 |         let labels = ["status"];
    |             ^^^^^^ help: if this is intentional, prefix it 
with an underscore: `_labels`

warning: unused variable: `duration`
   --> src\observability\metrics.rs:434:48
    |
434 |     pub fn record_operation(&self, name: &str, duration: 
Duration, success: bool) {
    |                                                ^^^^^^^^ help: 
if this is intentional, prefix it with an underscore: `_duration`

warning: variable does not need to be mutable
  --> src\filter.rs:19:13
   |
19 |         let mut result = true;
   |             ----^^^^^^
   |             |
   |             help: remove this `mut`

warning: fields `storage` and `offset` are never read
  --> src\storage\mmap.rs:56:5
   |
55 | pub struct MmapVectorRef<'a> {
   |            ------------- fields in this struct
56 |     storage: &'a MmapVectorStorage,
   |     ^^^^^^^
57 |     offset: usize,
   |     ^^^^^^
   |
   = note: `#[warn(dead_code)]` (part of `#[warn(unused)]`) on by 
default

warning: struct `SnapshotHeader` is never constructed
   --> src\storage\snapshot.rs:126:8
    |
126 | struct SnapshotHeader {
    |        ^^^^^^^^^^^^^^

warning: struct `OrderedFloat` is never constructed
  --> src\index\vector_index.rs:34:8
   |
34 | struct OrderedFloat(f32);
   |        ^^^^^^^^^^^^

warning: method `select_neighbors` is never used
   --> src\index\vector_index.rs:450:8
    |
351 | impl HnswIndex {
    | -------------- method in this implementation
...
450 |     fn select_neighbors(&self, candidates: &[(usize, f32)], 
m: usize) -> Vec<usize> {
    |        ^^^^^^^^^^^^^^^^

warning: fields `metric` and `metrics_history` are never read
   --> src\index\vector_index.rs:663:5
    |
660 | pub struct MultiVectorIndex {
    |            ---------------- fields in this struct
...
663 |     metric: SimilarityMetric,
    |     ^^^^^^
...
671 |     metrics_history: RwLock<Vec<(Instant, IndexMetrics)>>,
    |     ^^^^^^^^^^^^^^^

warning: field `shutdown_tx` is never read
   --> src\cluster\failover.rs:639:5
    |
619 | pub struct FailoverManager {
    |            --------------- field in this struct
...
639 |     shutdown_tx: mpsc::Sender<()>,
    |     ^^^^^^^^^^^

warning: field `local_node_id` is never read
   --> src\cluster\failover.rs:848:5
    |
846 | pub struct MembershipManager {
    |            ----------------- field in this struct
847 |     /// Local node ID
848 |     local_node_id: NodeId,
    |     ^^^^^^^^^^^^^

warning: field `config` is never read
   --> src\cluster\failover.rs:982:5
    |
974 | pub struct FailoverSystem {
    |            -------------- field in this struct
...
982 |     config: FailoverConfig,
    |     ^^^^^^

warning: field `in_joint_consensus` is never read
  --> src\cluster\raft\node.rs:55:5
   |
13 | pub struct RaftNode {
   |            -------- field in this struct
...
55 |     in_joint_consensus: bool,
   |     ^^^^^^^^^^^^^^^^^^

warning: field `path` is never read
   --> src\cluster\raft\storage.rs:309:5
    |
308 | pub struct FileStorage {
    |            ----------- field in this struct
309 |     path: std::path::PathBuf,
    |     ^^^^
    |
    = note: `FileStorage` has a derived impl for the trait `Debug`, 
but this is intentionally ignored during dead code analysis

warning: method `to_label_values` is never used
  --> src\observability\metrics.rs:58:8
   |
28 | impl MetricLabels {
   | ----------------- method in this implementation
...
58 |     fn to_label_values(&self) -> Vec<&str> {
   |        ^^^^^^^^^^^^^^^

warning: fields `export_batch_size` and `scrape_timeout_ms` are 
never read
   --> src\observability\performance.rs:223:5
    |
219 | pub struct MetricsPerformance {
    |            ------------------ fields in this struct
...
223 |     export_batch_size: usize,
    |     ^^^^^^^^^^^^^^^^^
224 |     /// Metrics scrape timeout
225 |     scrape_timeout_ms: u64,
    |     ^^^^^^^^^^^^^^^^^

warning: missing documentation for a struct field
   --> src\storage\mmap.rs:376:5
    |
376 |     pub num_vectors: usize,
    |     ^^^^^^^^^^^^^^^^^^^^^^
    |
note: the lint level is defined here
   --> src\lib.rs:7:9
    |
  7 | #![warn(missing_docs)]
    |         ^^^^^^^^^^^^

warning: missing documentation for a struct field
   --> src\storage\mmap.rs:377:5
    |
377 |     pub pq_memory_bytes: usize,
    |     ^^^^^^^^^^^^^^^^^^^^^^^^^^

warning: missing documentation for a struct field
   --> src\storage\mmap.rs:378:5
    |
378 |     pub graph_memory_bytes: usize,
    |     ^^^^^^^^^^^^^^^^^^^^^^^^^^^^^

warning: missing documentation for a struct field
   --> src\storage\mmap.rs:379:5
    |
379 |     pub disk_bytes: usize,
    |     ^^^^^^^^^^^^^^^^^^^^^

warning: missing documentation for a struct field
  --> src\storage\snapshot.rs:80:5
   |
80 |     pub name: String,
   |     ^^^^^^^^^^^^^^^^

warning: missing documentation for a struct field
  --> src\storage\snapshot.rs:81:5
   |
81 |     pub collection: String,
   |     ^^^^^^^^^^^^^^^^^^^^^^

warning: missing documentation for a struct field
  --> src\storage\snapshot.rs:82:5
   |
82 |     pub size: u64,
   |     ^^^^^^^^^^^^^

warning: missing documentation for a struct field
  --> src\storage\snapshot.rs:83:5
   |
83 |     pub creation_time: String,
   |     ^^^^^^^^^^^^^^^^^^^^^^^^^

warning: missing documentation for a struct field
  --> src\storage\snapshot.rs:84:5
   |
84 |     pub vector_count: u64,
   |     ^^^^^^^^^^^^^^^^^^^^^

warning: missing documentation for a struct field
  --> src\storage\snapshot.rs:85:5
   |
85 |     pub snapshot_type: SnapshotType,
   |     ^^^^^^^^^^^^^^^^^^^^^^^^^^^^^^^

warning: missing documentation for a struct field
   --> src\index\vector_index.rs:155:5
    |
155 |     pub ivf: IvfConfig,
    |     ^^^^^^^^^^^^^^^^^^

warning: missing documentation for a struct field
   --> src\index\vector_index.rs:156:5
    |
156 |     pub pq: PqConfig,
    |     ^^^^^^^^^^^^^^^^

warning: missing documentation for a struct field
   --> src\index\vector_index.rs:221:5
    |
221 |     pub id: u64,
    |     ^^^^^^^^^^^

warning: missing documentation for a struct field
   --> src\index\vector_index.rs:222:5
    |
222 |     pub data: Vec<f32>,
    |     ^^^^^^^^^^^^^^^^^^

warning: missing documentation for a struct field
   --> src\index\vector_index.rs:223:5
    |
223 |     pub metadata: HashMap<String, String>,
    |     ^^^^^^^^^^^^^^^^^^^^^^^^^^^^^^^^^^^^^

warning: missing documentation for a struct field
   --> src\index\vector_index.rs:229:5
    |
229 |     pub id: u64,
    |     ^^^^^^^^^^^

warning: missing documentation for a struct field
   --> src\index\vector_index.rs:230:5
    |
230 |     pub distance: f32,
    |     ^^^^^^^^^^^^^^^^^

warning: missing documentation for a struct field
   --> src\index\vector_index.rs:231:5
    |
231 |     pub vector: Option<Vec<f32>>,
    |     ^^^^^^^^^^^^^^^^^^^^^^^^^^^^

warning: missing documentation for an associated function
   --> src\index\vector_index.rs:262:5
    |
262 |     pub fn new(dimension: usize, metric: SimilarityMetric) -> 
Self {
    |     
^^^^^^^^^^^^^^^^^^^^^^^^^^^^^^^^^^^^^^^^^^^^^^^^^^^^^^^^^^^^^^

warning: missing documentation for a method
   --> src\index\vector_index.rs:270:5
    |
270 |     pub fn insert(&self, vector: StoredVector) -> Result<()> {
    |     ^^^^^^^^^^^^^^^^^^^^^^^^^^^^^^^^^^^^^^^^^^^^^^^^^^^^^^^^

warning: missing documentation for a method
   --> src\index\vector_index.rs:281:5
    |
281 |     pub fn search(&self, query: &[f32], k: usize) -> 
Result<Vec<SearchResult>> {
    |     ^^^^^^^^^^^^^^^^^^^^^^^^^^^^^^^^^^^^^^^^^^^^^^^^^^^^^^^^^^
^^^^^^^^^^^^^^^^

warning: missing documentation for a method
   --> src\index\vector_index.rs:313:5
    |
313 |     pub fn len(&self) -> usize {
    |     ^^^^^^^^^^^^^^^^^^^^^^^^^^

warning: missing documentation for a method
   --> src\index\vector_index.rs:317:5
    |
317 |     pub fn is_empty(&self) -> bool {
    |     ^^^^^^^^^^^^^^^^^^^^^^^^^^^^^^

warning: missing documentation for an associated function
   --> src\index\vector_index.rs:352:5
    |
352 |     pub fn new(config: HnswConfig, dimension: usize, metric: 
SimilarityMetric) -> Self {
    |     ^^^^^^^^^^^^^^^^^^^^^^^^^^^^^^^^^^^^^^^^^^^^^^^^^^^^^^^^^^
^^^^^^^^^^^^^^^^^^^^^^^^

warning: missing documentation for a method
   --> src\index\vector_index.rs:454:5
    |
454 |     pub fn insert(&self, id: u64, vector: Vec<f32>) -> 
Result<()> {
    |     
^^^^^^^^^^^^^^^^^^^^^^^^^^^^^^^^^^^^^^^^^^^^^^^^^^^^^^^^^^^^^

warning: missing documentation for a method
   --> src\index\vector_index.rs:579:5
    |
579 |     pub fn search(&self, query: &[f32], k: usize) -> 
Result<Vec<SearchResult>> {
    |     ^^^^^^^^^^^^^^^^^^^^^^^^^^^^^^^^^^^^^^^^^^^^^^^^^^^^^^^^^^
^^^^^^^^^^^^^^^^

warning: missing documentation for a method
   --> src\index\vector_index.rs:623:5
    |
623 |     pub fn len(&self) -> usize {
    |     ^^^^^^^^^^^^^^^^^^^^^^^^^^

warning: missing documentation for a method
   --> src\index\vector_index.rs:627:5
    |
627 |     pub fn is_empty(&self) -> bool {
    |     ^^^^^^^^^^^^^^^^^^^^^^^^^^^^^^

warning: missing documentation for an associated function
   --> src\index\vector_index.rs:675:5
    |
675 |     pub fn new(index_type: IndexType, dimension: usize, 
metric: SimilarityMetric) -> Self {
    |     ^^^^^^^^^^^^^^^^^^^^^^^^^^^^^^^^^^^^^^^^^^^^^^^^^^^^^^^^^^
^^^^^^^^^^^^^^^^^^^^^^^^^^^

warning: missing documentation for a method
   --> src\index\vector_index.rs:801:5
    |
801 |     pub fn len(&self) -> usize {
    |     ^^^^^^^^^^^^^^^^^^^^^^^^^^

warning: missing documentation for a method
   --> src\index\vector_index.rs:811:5
    |
811 |     pub fn is_empty(&self) -> bool {
    |     ^^^^^^^^^^^^^^^^^^^^^^^^^^^^^^

warning: missing documentation for a struct field
  --> src\index\hybrid_search.rs:34:10
   |
34 |     Eq { field: String, value: String },
   |          ^^^^^^^^^^^^^

warning: missing documentation for a struct field
  --> src\index\hybrid_search.rs:34:25
   |
34 |     Eq { field: String, value: String },
   |                         ^^^^^^^^^^^^^

warning: missing documentation for a struct field
  --> src\index\hybrid_search.rs:36:10
   |
36 |     Ne { field: String, value: String },
   |          ^^^^^^^^^^^^^

warning: missing documentation for a struct field
  --> src\index\hybrid_search.rs:36:25
   |
36 |     Ne { field: String, value: String },
   |                         ^^^^^^^^^^^^^

warning: missing documentation for a struct field
  --> src\index\hybrid_search.rs:38:10
   |
38 |     Gt { field: String, value: f64 },
   |          ^^^^^^^^^^^^^

warning: missing documentation for a struct field
  --> src\index\hybrid_search.rs:38:25
   |
38 |     Gt { field: String, value: f64 },
   |                         ^^^^^^^^^^

warning: missing documentation for a struct field
  --> src\index\hybrid_search.rs:40:11
   |
40 |     Gte { field: String, value: f64 },
   |           ^^^^^^^^^^^^^

warning: missing documentation for a struct field
  --> src\index\hybrid_search.rs:40:26
   |
40 |     Gte { field: String, value: f64 },
   |                          ^^^^^^^^^^

warning: missing documentation for a struct field
  --> src\index\hybrid_search.rs:42:10
   |
42 |     Lt { field: String, value: f64 },
   |          ^^^^^^^^^^^^^

warning: missing documentation for a struct field
  --> src\index\hybrid_search.rs:42:25
   |
42 |     Lt { field: String, value: f64 },
   |                         ^^^^^^^^^^

warning: missing documentation for a struct field
  --> src\index\hybrid_search.rs:44:11
   |
44 |     Lte { field: String, value: f64 },
   |           ^^^^^^^^^^^^^

warning: missing documentation for a struct field
  --> src\index\hybrid_search.rs:44:26
   |
44 |     Lte { field: String, value: f64 },
   |                          ^^^^^^^^^^

warning: missing documentation for a struct field
  --> src\index\hybrid_search.rs:46:10
   |
46 |     In { field: String, values: Vec<String> },
   |          ^^^^^^^^^^^^^

warning: missing documentation for a struct field
  --> src\index\hybrid_search.rs:46:25
   |
46 |     In { field: String, values: Vec<String> },
   |                         ^^^^^^^^^^^^^^^^^^^

warning: missing documentation for a struct field
  --> src\index\hybrid_search.rs:48:16
   |
48 |     Contains { field: String, value: String },
   |                ^^^^^^^^^^^^^

warning: missing documentation for a struct field
  --> src\index\hybrid_search.rs:48:31
   |
48 |     Contains { field: String, value: String },
   |                               ^^^^^^^^^^^^^

warning: missing documentation for an associated function
   --> src\index\hybrid_search.rs:157:5
    |
157 |     pub fn new() -> Self {
    |     ^^^^^^^^^^^^^^^^^^^^

warning: missing documentation for an associated function
   --> src\index\hybrid_search.rs:292:5
    |
292 |     pub fn new(default_ttl: Duration) -> Self {
    |     ^^^^^^^^^^^^^^^^^^^^^^^^^^^^^^^^^^^^^^^^^

warning: missing documentation for a method
   --> src\index\hybrid_search.rs:301:5
    |
301 |     pub fn get(&self, query: &[f32], filter: 
&Option<FilterCondition>, k: usize) -> Option<Vec<SearchResult>> {
    |     ^^^^^^^^^^^^^^^^^^^^^^^^^^^^^^^^^^^^^^^^^^^^^^^^^^^^^^^^^^
^^^^^^^^^^^^^^^^^^^^^^^^^^^^^^^^^^^^^^^^^^^^^^^

warning: missing documentation for a method
   --> src\index\hybrid_search.rs:315:5
    |
315 |     pub fn put(&self, query: &[f32], filter: 
&Option<FilterCondition>, k: usize, results: Vec<SearchResult>) {
    |     ^^^^^^^^^^^^^^^^^^^^^^^^^^^^^^^^^^^^^^^^^^^^^^^^^^^^^^^^^^
^^^^^^^^^^^^^^^^^^^^^^^^^^^^^^^^^^^^^^^^^^^^^^

warning: missing documentation for a method
   --> src\index\hybrid_search.rs:324:5
    |
324 |     pub fn invalidate(&self) {
    |     ^^^^^^^^^^^^^^^^^^^^^^^^

warning: missing documentation for a method
   --> src\index\hybrid_search.rs:328:5
    |
328 |     pub fn stats(&self) -> CacheStats {
    |     ^^^^^^^^^^^^^^^^^^^^^^^^^^^^^^^^^

warning: missing documentation for a struct field
   --> src\index\hybrid_search.rs:366:5
    |
366 |     pub size: usize,
    |     ^^^^^^^^^^^^^^^

warning: missing documentation for a struct field
   --> src\index\hybrid_search.rs:367:5
    |
367 |     pub hits: u64,
    |     ^^^^^^^^^^^^^

warning: missing documentation for a struct field
   --> src\index\hybrid_search.rs:368:5
    |
368 |     pub misses: u64,
    |     ^^^^^^^^^^^^^^^

warning: missing documentation for a struct field
   --> src\index\hybrid_search.rs:369:5
    |
369 |     pub hit_rate: f64,
    |     ^^^^^^^^^^^^^^^^^

warning: missing documentation for an associated function
   --> src\index\hybrid_search.rs:402:5
    |
402 |     pub fn new(vector_index: Arc<RwLock<I>>) -> Self {
    |     ^^^^^^^^^^^^^^^^^^^^^^^^^^^^^^^^^^^^^^^^^^^^^^^^

warning: missing documentation for a method
   --> src\index\hybrid_search.rs:439:5
    |
439 | /     pub fn search(
440 | |         &self,
441 | |         query: &[f32],
442 | |         k: usize,
443 | |         filter: Option<FilterCondition>,
444 | |         strategy: SearchStrategy,
445 | |     ) -> Result<Vec<SearchResult>> {
    | |__________________________________^

warning: missing documentation for a struct field
  --> src\api\mod.rs:50:5
   |
50 |     pub rest_port: u16,
   |     ^^^^^^^^^^^^^^^^^^

warning: missing documentation for a struct field
  --> src\api\mod.rs:51:5
   |
51 |     pub grpc_port: u16,
   |     ^^^^^^^^^^^^^^^^^^

warning: missing documentation for a struct field
  --> src\api\mod.rs:52:5
   |
52 |     pub metrics_port: u16,
   |     ^^^^^^^^^^^^^^^^^^^^^

warning: missing documentation for a struct field
  --> src\api\qdrant_compat.rs:29:5
   |
29 |     pub collections: Arc<CollectionManager>,
   |     ^^^^^^^^^^^^^^^^^^^^^^^^^^^^^^^^^^^^^^^

warning: missing documentation for a struct field
  --> src\api\qdrant_compat.rs:30:5
   |
30 |     pub snapshot_manager: Arc<SnapshotManager>,
   |     ^^^^^^^^^^^^^^^^^^^^^^^^^^^^^^^^^^^^^^^^^^

warning: missing documentation for an associated function
  --> src\api\qdrant_compat.rs:34:5
   |
34 |     pub fn new(collections: Arc<CollectionManager>, 
snapshot_manager: Arc<SnapshotManager>) -> Self {
   |     ^^^^^^^^^^^^^^^^^^^^^^^^^^^^^^^^^^^^^^^^^^^^^^^^^^^^^^^^^^^
^^^^^^^^^^^^^^^^^^^^^^^^^^^^^^^^^^^^

warning: missing documentation for a struct field
  --> src\api\qdrant_compat.rs:79:5
   |
79 |     pub result: Option<T>,
   |     ^^^^^^^^^^^^^^^^^^^^^

warning: missing documentation for a struct field
  --> src\api\qdrant_compat.rs:80:5
   |
80 |     pub status: String,
   |     ^^^^^^^^^^^^^^^^^^

warning: missing documentation for a struct field
  --> src\api\qdrant_compat.rs:82:5
   |
82 |     pub error: Option<ApiError>,
   |     ^^^^^^^^^^^^^^^^^^^^^^^^^^^

warning: missing documentation for a struct field
  --> src\api\qdrant_compat.rs:83:5
   |
83 |     pub time: f64,
   |     ^^^^^^^^^^^^^

warning: missing documentation for a struct
  --> src\api\qdrant_compat.rs:87:1
   |
87 | pub struct ApiError {
   | ^^^^^^^^^^^^^^^^^^^

warning: missing documentation for a struct field
  --> src\api\qdrant_compat.rs:88:5
   |
88 |     pub message: String,
   |     ^^^^^^^^^^^^^^^^^^^

warning: missing documentation for an associated function
  --> src\api\qdrant_compat.rs:92:5
   |
92 |     pub fn success(result: T, time: f64) -> Self {
   |     ^^^^^^^^^^^^^^^^^^^^^^^^^^^^^^^^^^^^^^^^^^^^

warning: missing documentation for an associated function
   --> src\api\qdrant_compat.rs:101:5
    |
101 |     pub fn error(message: impl Into<String>, time: f64) -> 
Self {
    |     
^^^^^^^^^^^^^^^^^^^^^^^^^^^^^^^^^^^^^^^^^^^^^^^^^^^^^^^^^^^

warning: missing documentation for a variant
   --> src\api\qdrant_compat.rs:115:5
    |
115 |     Integer(u64),
    |     ^^^^^^^

warning: missing documentation for a variant
   --> src\api\qdrant_compat.rs:116:5
    |
116 |     String(String),
    |     ^^^^^^

warning: missing documentation for a method
   --> src\api\qdrant_compat.rs:120:5
    |
120 |     pub fn as_u64(&self) -> Option<u64> {
    |     ^^^^^^^^^^^^^^^^^^^^^^^^^^^^^^^^^^^

warning: missing documentation for a variant
   --> src\api\qdrant_compat.rs:132:5
    |
132 |     Plain(Vec<f32>),
    |     ^^^^^

warning: missing documentation for a variant
   --> src\api\qdrant_compat.rs:133:5
    |
133 |     Named(HashMap<String, Vec<f32>>),
    |     ^^^^^

warning: missing documentation for a struct field
   --> src\api\qdrant_compat.rs:142:5
    |
142 |     pub id: PointId,
    |     ^^^^^^^^^^^^^^^

warning: missing documentation for a struct field
   --> src\api\qdrant_compat.rs:143:5
    |
143 |     pub vector: VectorInput,
    |     ^^^^^^^^^^^^^^^^^^^^^^^

warning: missing documentation for a struct field
   --> src\api\qdrant_compat.rs:145:5
    |
145 |     pub payload: Option<Payload>,
    |     ^^^^^^^^^^^^^^^^^^^^^^^^^^^^

warning: missing documentation for a struct field
   --> src\api\qdrant_compat.rs:151:5
    |
151 |     pub id: PointId,
    |     ^^^^^^^^^^^^^^^

warning: missing documentation for a struct field
   --> src\api\qdrant_compat.rs:152:5
    |
152 |     pub version: u64,
    |     ^^^^^^^^^^^^^^^^

warning: missing documentation for a struct field
   --> src\api\qdrant_compat.rs:153:5
    |
153 |     pub score: f32,
    |     ^^^^^^^^^^^^^^

warning: missing documentation for a struct field
   --> src\api\qdrant_compat.rs:155:5
    |
155 |     pub payload: Option<Payload>,
    |     ^^^^^^^^^^^^^^^^^^^^^^^^^^^^

warning: missing documentation for a struct field
   --> src\api\qdrant_compat.rs:157:5
    |
157 |     pub vector: Option<Vec<f32>>,
    |     ^^^^^^^^^^^^^^^^^^^^^^^^^^^^

warning: missing documentation for a struct field
   --> src\api\qdrant_compat.rs:167:5
    |
167 |     pub title: String,
    |     ^^^^^^^^^^^^^^^^^

warning: missing documentation for a struct field
   --> src\api\qdrant_compat.rs:168:5
    |
168 |     pub version: String,
    |     ^^^^^^^^^^^^^^^^^^^

warning: missing documentation for a struct field
   --> src\api\qdrant_compat.rs:169:5
    |
169 |     pub commit: Option<String>,
    |     ^^^^^^^^^^^^^^^^^^^^^^^^^^

warning: missing documentation for a struct
   --> src\api\qdrant_compat.rs:208:1
    |
208 | pub struct CollectionDescription {
    | ^^^^^^^^^^^^^^^^^^^^^^^^^^^^^^^^

warning: missing documentation for a struct field
   --> src\api\qdrant_compat.rs:209:5
    |
209 |     pub name: String,
    |     ^^^^^^^^^^^^^^^^

warning: missing documentation for a struct
   --> src\api\qdrant_compat.rs:213:1
    |
213 | pub struct CollectionsResponse {
    | ^^^^^^^^^^^^^^^^^^^^^^^^^^^^^^

warning: missing documentation for a struct field
   --> src\api\qdrant_compat.rs:214:5
    |
214 |     pub collections: Vec<CollectionDescription>,
    |     ^^^^^^^^^^^^^^^^^^^^^^^^^^^^^^^^^^^^^^^^^^^

warning: missing documentation for a struct field
   --> src\api\qdrant_compat.rs:237:5
    |
237 |     pub config: CollectionConfig,
    |     ^^^^^^^^^^^^^^^^^^^^^^^^^^^^

warning: missing documentation for a struct field
   --> src\api\qdrant_compat.rs:239:5
    |
239 |     pub init_from: Option<String>,
    |     ^^^^^^^^^^^^^^^^^^^^^^^^^^^^^

warning: missing documentation for a struct
   --> src\api\qdrant_compat.rs:259:1
    |
259 | pub struct CollectionInfo {
    | ^^^^^^^^^^^^^^^^^^^^^^^^^

warning: missing documentation for a struct field
   --> src\api\qdrant_compat.rs:260:5
    |
260 |     pub status: CollectionStatus,
    |     ^^^^^^^^^^^^^^^^^^^^^^^^^^^^

warning: missing documentation for a struct field
   --> src\api\qdrant_compat.rs:261:5
    |
261 |     pub optimizer_status: OptimizerStatus,
    |     ^^^^^^^^^^^^^^^^^^^^^^^^^^^^^^^^^^^^^

warning: missing documentation for a struct field
   --> src\api\qdrant_compat.rs:262:5
    |
262 |     pub vectors_count: u64,
    |     ^^^^^^^^^^^^^^^^^^^^^^

warning: missing documentation for a struct field
   --> src\api\qdrant_compat.rs:263:5
    |
263 |     pub indexed_vectors_count: u64,
    |     ^^^^^^^^^^^^^^^^^^^^^^^^^^^^^^

warning: missing documentation for a struct field
   --> src\api\qdrant_compat.rs:264:5
    |
264 |     pub points_count: u64,
    |     ^^^^^^^^^^^^^^^^^^^^^

warning: missing documentation for a struct field
   --> src\api\qdrant_compat.rs:265:5
    |
265 |     pub segments_count: usize,
    |     ^^^^^^^^^^^^^^^^^^^^^^^^^

warning: missing documentation for a struct field
   --> src\api\qdrant_compat.rs:266:5
    |
266 |     pub config: CollectionConfig,
    |     ^^^^^^^^^^^^^^^^^^^^^^^^^^^^

warning: missing documentation for a struct field
   --> src\api\qdrant_compat.rs:267:5
    |
267 |     pub payload_schema: HashMap<String, PayloadSchema>,
    |     ^^^^^^^^^^^^^^^^^^^^^^^^^^^^^^^^^^^^^^^^^^^^^^^^^^

warning: missing documentation for a struct
   --> src\api\qdrant_compat.rs:271:1
    |
271 | pub struct CollectionStatus {
    | ^^^^^^^^^^^^^^^^^^^^^^^^^^^

warning: missing documentation for a struct field
   --> src\api\qdrant_compat.rs:272:5
    |
272 |     pub status: String,
    |     ^^^^^^^^^^^^^^^^^^

warning: missing documentation for a struct field
   --> src\api\qdrant_compat.rs:273:5
    |
273 |     pub optimizer_status: String,
    |     ^^^^^^^^^^^^^^^^^^^^^^^^^^^^

warning: missing documentation for a struct
   --> src\api\qdrant_compat.rs:277:1
    |
277 | pub struct OptimizerStatus {
    | ^^^^^^^^^^^^^^^^^^^^^^^^^^

warning: missing documentation for a struct field
   --> src\api\qdrant_compat.rs:278:5
    |
278 |     pub status: String,
    |     ^^^^^^^^^^^^^^^^^^

warning: missing documentation for a struct
   --> src\api\qdrant_compat.rs:282:1
    |
282 | pub struct PayloadSchema {
    | ^^^^^^^^^^^^^^^^^^^^^^^^

warning: missing documentation for a struct field
   --> src\api\qdrant_compat.rs:283:5
    |
283 |     pub data_type: String,
    |     ^^^^^^^^^^^^^^^^^^^^^

warning: missing documentation for a struct
   --> src\api\qdrant_compat.rs:327:1
    |
327 | pub struct CollectionExists {
    | ^^^^^^^^^^^^^^^^^^^^^^^^^^^

warning: missing documentation for a struct field
   --> src\api\qdrant_compat.rs:328:5
    |
328 |     pub exists: bool,
    |     ^^^^^^^^^^^^^^^^

warning: missing documentation for a struct field
   --> src\api\qdrant_compat.rs:345:5
    |
345 |     pub field_name: String,
    |     ^^^^^^^^^^^^^^^^^^^^^^

warning: missing documentation for a struct field
   --> src\api\qdrant_compat.rs:346:5
    |
346 |     pub field_schema: String, // "keyword", "integer", 
"float", "geo", "text"
    |     ^^^^^^^^^^^^^^^^^^^^^^^^

warning: missing documentation for a struct field
   --> src\api\qdrant_compat.rs:378:5
    |
378 |     pub points: Vec<PointStruct>,
    |     ^^^^^^^^^^^^^^^^^^^^^^^^^^^^

warning: missing documentation for a struct field
   --> src\api\qdrant_compat.rs:380:5
    |
380 |     pub batch: Option<PointsBatch>,
    |     ^^^^^^^^^^^^^^^^^^^^^^^^^^^^^^

warning: missing documentation for a struct
   --> src\api\qdrant_compat.rs:384:1
    |
384 | pub struct PointsBatch {
    | ^^^^^^^^^^^^^^^^^^^^^^

warning: missing documentation for a struct field
   --> src\api\qdrant_compat.rs:385:5
    |
385 |     pub ids: Vec<PointId>,
    |     ^^^^^^^^^^^^^^^^^^^^^

warning: missing documentation for a struct field
   --> src\api\qdrant_compat.rs:386:5
    |
386 |     pub vectors: Vec<Vec<f32>>,
    |     ^^^^^^^^^^^^^^^^^^^^^^^^^^

warning: missing documentation for a struct field
   --> src\api\qdrant_compat.rs:388:5
    |
388 |     pub payloads: Option<Vec<Payload>>,
    |     ^^^^^^^^^^^^^^^^^^^^^^^^^^^^^^^^^^

warning: missing documentation for a struct
   --> src\api\qdrant_compat.rs:392:1
    |
392 | pub struct UpdateResult {
    | ^^^^^^^^^^^^^^^^^^^^^^^

warning: missing documentation for a struct field
   --> src\api\qdrant_compat.rs:393:5
    |
393 |     pub operation_id: u64,
    |     ^^^^^^^^^^^^^^^^^^^^^

warning: missing documentation for a struct field
   --> src\api\qdrant_compat.rs:394:5
    |
394 |     pub status: String,
    |     ^^^^^^^^^^^^^^^^^^

warning: missing documentation for a struct field
   --> src\api\qdrant_compat.rs:459:5
    |
459 |     pub vector: Vec<f32>,
    |     ^^^^^^^^^^^^^^^^^^^^

warning: missing documentation for a struct field
   --> src\api\qdrant_compat.rs:461:5
    |
461 |     pub limit: usize,
    |     ^^^^^^^^^^^^^^^^

warning: missing documentation for a struct field
   --> src\api\qdrant_compat.rs:463:5
    |
463 |     pub offset: Option<usize>,
    |     ^^^^^^^^^^^^^^^^^^^^^^^^^

warning: missing documentation for a struct field
   --> src\api\qdrant_compat.rs:465:5
    |
465 |     pub filter: Option<Filter>,
    |     ^^^^^^^^^^^^^^^^^^^^^^^^^^

warning: missing documentation for a struct field
   --> src\api\qdrant_compat.rs:467:5
    |
467 |     pub params: Option<SearchParamsConfig>,
    |     ^^^^^^^^^^^^^^^^^^^^^^^^^^^^^^^^^^^^^^

warning: missing documentation for a struct field
   --> src\api\qdrant_compat.rs:469:5
    |
469 |     pub with_vector: Option<bool>,
    |     ^^^^^^^^^^^^^^^^^^^^^^^^^^^^^

warning: missing documentation for a struct field
   --> src\api\qdrant_compat.rs:471:5
    |
471 |     pub with_payload: bool,
    |     ^^^^^^^^^^^^^^^^^^^^^^

warning: missing documentation for a struct field
   --> src\api\qdrant_compat.rs:473:5
    |
473 |     pub score_threshold: Option<f32>,
    |     ^^^^^^^^^^^^^^^^^^^^^^^^^^^^^^^^

warning: missing documentation for a struct
   --> src\api\qdrant_compat.rs:480:1
    |
480 | pub struct Filter {
    | ^^^^^^^^^^^^^^^^^

warning: missing documentation for a struct field
   --> src\api\qdrant_compat.rs:482:5
    |
482 |     pub must: Option<Vec<Condition>>,
    |     ^^^^^^^^^^^^^^^^^^^^^^^^^^^^^^^^

warning: missing documentation for a struct field
   --> src\api\qdrant_compat.rs:484:5
    |
484 |     pub should: Option<Vec<Condition>>,
    |     ^^^^^^^^^^^^^^^^^^^^^^^^^^^^^^^^^^

warning: missing documentation for a struct field
   --> src\api\qdrant_compat.rs:486:5
    |
486 |     pub must_not: Option<Vec<Condition>>,
    |     ^^^^^^^^^^^^^^^^^^^^^^^^^^^^^^^^^^^^

warning: missing documentation for a struct
   --> src\api\qdrant_compat.rs:507:1
    |
507 | pub struct Condition {
    | ^^^^^^^^^^^^^^^^^^^^

warning: missing documentation for a struct field
   --> src\api\qdrant_compat.rs:508:5
    |
508 |     pub key: String,
    |     ^^^^^^^^^^^^^^^

warning: missing documentation for a struct field
   --> src\api\qdrant_compat.rs:510:5
    |
510 |     pub condition: MatchCondition,
    |     ^^^^^^^^^^^^^^^^^^^^^^^^^^^^^

warning: missing documentation for an enum
   --> src\api\qdrant_compat.rs:525:1
    |
525 | pub enum MatchCondition {
    | ^^^^^^^^^^^^^^^^^^^^^^^

warning: missing documentation for a variant
   --> src\api\qdrant_compat.rs:527:5
    |
527 |     Value { value: serde_json::Value },
    |     ^^^^^

warning: missing documentation for a struct field
   --> src\api\qdrant_compat.rs:527:13
    |
527 |     Value { value: serde_json::Value },
    |             ^^^^^^^^^^^^^^^^^^^^^^^^

warning: missing documentation for a variant
   --> src\api\qdrant_compat.rs:529:5
    |
529 |     Keyword { keyword: String },
    |     ^^^^^^^

warning: missing documentation for a struct field
   --> src\api\qdrant_compat.rs:529:15
    |
529 |     Keyword { keyword: String },
    |               ^^^^^^^^^^^^^^^

warning: missing documentation for a variant
   --> src\api\qdrant_compat.rs:531:5
    |
531 |     Text { text: String },
    |     ^^^^

warning: missing documentation for a struct field
   --> src\api\qdrant_compat.rs:531:12
    |
531 |     Text { text: String },
    |            ^^^^^^^^^^^^

warning: missing documentation for a variant
   --> src\api\qdrant_compat.rs:533:5
    |
533 |     Integer { integer: i64 },
    |     ^^^^^^^

warning: missing documentation for a struct field
   --> src\api\qdrant_compat.rs:533:15
    |
533 |     Integer { integer: i64 },
    |               ^^^^^^^^^^^^

warning: missing documentation for a struct
   --> src\api\qdrant_compat.rs:569:1
    |
569 | pub struct SearchParamsConfig {
    | ^^^^^^^^^^^^^^^^^^^^^^^^^^^^^

warning: missing documentation for a struct field
   --> src\api\qdrant_compat.rs:571:5
    |
571 |     pub hnsw_ef: Option<usize>,
    |     ^^^^^^^^^^^^^^^^^^^^^^^^^^

warning: missing documentation for a struct field
   --> src\api\qdrant_compat.rs:573:5
    |
573 |     pub exact: bool,
    |     ^^^^^^^^^^^^^^^

warning: missing documentation for a struct field
   --> src\api\qdrant_compat.rs:575:5
    |
575 |     pub quantization: Option<QuantizationSearchParams>,
    |     ^^^^^^^^^^^^^^^^^^^^^^^^^^^^^^^^^^^^^^^^^^^^^^^^^^

warning: missing documentation for a struct
   --> src\api\qdrant_compat.rs:579:1
    |
579 | pub struct QuantizationSearchParams {
    | ^^^^^^^^^^^^^^^^^^^^^^^^^^^^^^^^^^^

warning: missing documentation for a struct field
   --> src\api\qdrant_compat.rs:581:5
    |
581 |     pub ignore: bool,
    |     ^^^^^^^^^^^^^^^^

warning: missing documentation for a struct field
   --> src\api\qdrant_compat.rs:583:5
    |
583 |     pub rescore: bool,
    |     ^^^^^^^^^^^^^^^^^

warning: missing documentation for a struct field
   --> src\api\qdrant_compat.rs:585:5
    |
585 |     pub oversampling: Option<f64>,
    |     ^^^^^^^^^^^^^^^^^^^^^^^^^^^^^

warning: missing documentation for a struct field
   --> src\api\qdrant_compat.rs:637:5
    |
637 |     pub searches: Vec<SearchRequest>,
    |     ^^^^^^^^^^^^^^^^^^^^^^^^^^^^^^^^

warning: missing documentation for a struct field
   --> src\api\qdrant_compat.rs:696:5
    |
696 |     pub query: Option<Vec<f32>>,
    |     ^^^^^^^^^^^^^^^^^^^^^^^^^^^

warning: missing documentation for a struct field
   --> src\api\qdrant_compat.rs:698:5
    |
698 |     pub using: Option<String>,
    |     ^^^^^^^^^^^^^^^^^^^^^^^^^

warning: missing documentation for a struct field
   --> src\api\qdrant_compat.rs:700:5
    |
700 |     pub limit: usize,
    |     ^^^^^^^^^^^^^^^^

warning: missing documentation for a struct field
   --> src\api\qdrant_compat.rs:702:5
    |
702 |     pub filter: Option<Filter>,
    |     ^^^^^^^^^^^^^^^^^^^^^^^^^^

warning: missing documentation for a struct field
   --> src\api\qdrant_compat.rs:704:5
    |
704 |     pub params: Option<SearchParamsConfig>,
    |     ^^^^^^^^^^^^^^^^^^^^^^^^^^^^^^^^^^^^^^

warning: missing documentation for a struct field
   --> src\api\qdrant_compat.rs:760:5
    |
760 |     pub ids: Vec<PointId>,
    |     ^^^^^^^^^^^^^^^^^^^^^

warning: missing documentation for a struct field
   --> src\api\qdrant_compat.rs:762:5
    |
762 |     pub with_vector: Option<bool>,
    |     ^^^^^^^^^^^^^^^^^^^^^^^^^^^^^

warning: missing documentation for a struct field
   --> src\api\qdrant_compat.rs:764:5
    |
764 |     pub with_payload: bool,
    |     ^^^^^^^^^^^^^^^^^^^^^^

warning: missing documentation for a struct field
   --> src\api\qdrant_compat.rs:806:5
    |
806 |     pub points: Option<Vec<PointId>>,
    |     ^^^^^^^^^^^^^^^^^^^^^^^^^^^^^^^^

warning: missing documentation for a struct field
   --> src\api\qdrant_compat.rs:808:5
    |
808 |     pub filter: Option<Filter>,
    |     ^^^^^^^^^^^^^^^^^^^^^^^^^^

warning: missing documentation for a struct field
   --> src\api\qdrant_compat.rs:844:5
    |
844 |     pub offset: Option<PointId>,
    |     ^^^^^^^^^^^^^^^^^^^^^^^^^^^

warning: missing documentation for a struct field
   --> src\api\qdrant_compat.rs:846:5
    |
846 |     pub limit: usize,
    |     ^^^^^^^^^^^^^^^^

warning: missing documentation for a struct field
   --> src\api\qdrant_compat.rs:848:5
    |
848 |     pub filter: Option<Filter>,
    |     ^^^^^^^^^^^^^^^^^^^^^^^^^^

warning: missing documentation for a struct field
   --> src\api\qdrant_compat.rs:850:5
    |
850 |     pub with_vector: Option<bool>,
    |     ^^^^^^^^^^^^^^^^^^^^^^^^^^^^^

warning: missing documentation for a struct field
   --> src\api\qdrant_compat.rs:852:5
    |
852 |     pub with_payload: bool,
    |     ^^^^^^^^^^^^^^^^^^^^^^

warning: missing documentation for a struct
   --> src\api\qdrant_compat.rs:856:1
    |
856 | pub struct ScrollResponse {
    | ^^^^^^^^^^^^^^^^^^^^^^^^^

warning: missing documentation for a struct field
   --> src\api\qdrant_compat.rs:857:5
    |
857 |     pub points: Vec<PointStruct>,
    |     ^^^^^^^^^^^^^^^^^^^^^^^^^^^^

warning: missing documentation for a struct field
   --> src\api\qdrant_compat.rs:859:5
    |
859 |     pub next_page_offset: Option<PointId>,
    |     ^^^^^^^^^^^^^^^^^^^^^^^^^^^^^^^^^^^^^

warning: missing documentation for a struct field
   --> src\api\qdrant_compat.rs:882:5
    |
882 |     pub filter: Option<Filter>,
    |     ^^^^^^^^^^^^^^^^^^^^^^^^^^

warning: missing documentation for a struct field
   --> src\api\qdrant_compat.rs:884:5
    |
884 |     pub exact: bool,
    |     ^^^^^^^^^^^^^^^

warning: missing documentation for a struct
   --> src\api\qdrant_compat.rs:888:1
    |
888 | pub struct CountResult {
    | ^^^^^^^^^^^^^^^^^^^^^^

warning: missing documentation for a struct field
   --> src\api\qdrant_compat.rs:889:5
    |
889 |     pub count: u64,
    |     ^^^^^^^^^^^^^^

warning: missing documentation for a struct field
  --> src\cluster\failover.rs:99:5
   |
99 |     pub node_id: NodeId,
   |     ^^^^^^^^^^^^^^^^^^^

warning: missing documentation for a struct field
   --> src\cluster\failover.rs:100:5
    |
100 |     pub health: NodeHealth,
    |     ^^^^^^^^^^^^^^^^^^^^^^

warning: missing documentation for a struct field
   --> src\cluster\failover.rs:101:5
    |
101 |     pub phi_value: f64,
    |     ^^^^^^^^^^^^^^^^^^

warning: missing documentation for a struct field
   --> src\cluster\failover.rs:102:5
    |
102 |     pub last_heartbeat: Instant,
    |     ^^^^^^^^^^^^^^^^^^^^^^^^^^^

warning: missing documentation for a struct field
   --> src\cluster\failover.rs:103:5
    |
103 |     pub heartbeat_seq: u64,
    |     ^^^^^^^^^^^^^^^^^^^^^^

warning: missing documentation for a struct field
   --> src\cluster\failover.rs:104:5
    |
104 |     pub metadata: HashMap<String, String>,
    |     ^^^^^^^^^^^^^^^^^^^^^^^^^^^^^^^^^^^^^

warning: missing documentation for a struct field
   --> src\cluster\failover.rs:110:5
    |
110 |     pub node_id: NodeId,
    |     ^^^^^^^^^^^^^^^^^^^

warning: missing documentation for a struct field
   --> src\cluster\failover.rs:111:5
    |
111 |     pub seq: u64,
    |     ^^^^^^^^^^^^

warning: missing documentation for a struct field
   --> src\cluster\failover.rs:112:5
    |
112 |     pub timestamp: Instant,
    |     ^^^^^^^^^^^^^^^^^^^^^^

warning: missing documentation for a struct field
   --> src\cluster\failover.rs:113:5
    |
113 |     pub epoch: Epoch,
    |     ^^^^^^^^^^^^^^^^

warning: missing documentation for a struct field
   --> src\cluster\failover.rs:114:5
    |
114 |     pub metadata: HashMap<String, String>,
    |     ^^^^^^^^^^^^^^^^^^^^^^^^^^^^^^^^^^^^^

warning: missing documentation for an associated function
   --> src\cluster\failover.rs:126:5
    |
126 |     pub fn new(value: u64) -> Self {
    |     ^^^^^^^^^^^^^^^^^^^^^^^^^^^^^^

warning: missing documentation for a method
   --> src\cluster\failover.rs:130:5
    |
130 |     pub fn increment(&self) -> Self {
    |     ^^^^^^^^^^^^^^^^^^^^^^^^^^^^^^^

warning: missing documentation for a method
   --> src\cluster\failover.rs:134:5
    |
134 |     pub fn is_valid(&self, min_required: Epoch) -> bool {
    |     ^^^^^^^^^^^^^^^^^^^^^^^^^^^^^^^^^^^^^^^^^^^^^^^^^^^

warning: missing documentation for a struct field
   --> src\cluster\failover.rs:148:5
    |
148 |     pub epoch: Epoch,
    |     ^^^^^^^^^^^^^^^^

warning: missing documentation for a struct field
   --> src\cluster\failover.rs:149:5
    |
149 |     pub node_id: NodeId,
    |     ^^^^^^^^^^^^^^^^^^^

warning: missing documentation for a struct field
   --> src\cluster\failover.rs:150:5
    |
150 |     pub term: Term,
    |     ^^^^^^^^^^^^^^

warning: missing documentation for an associated function
   --> src\cluster\failover.rs:154:5
    |
154 |     pub fn new(epoch: Epoch, node_id: NodeId, term: Term) -> 
Self {
    |     
^^^^^^^^^^^^^^^^^^^^^^^^^^^^^^^^^^^^^^^^^^^^^^^^^^^^^^^^^^^^^

warning: missing documentation for a variant
   --> src\cluster\failover.rs:177:5
    |
177 |     EpochMismatch { provided: Epoch, required: Epoch },
    |     ^^^^^^^^^^^^^

warning: missing documentation for a struct field
   --> src\cluster\failover.rs:177:21
    |
177 |     EpochMismatch { provided: Epoch, required: Epoch },
    |                     ^^^^^^^^^^^^^^^

warning: missing documentation for a struct field
   --> src\cluster\failover.rs:177:38
    |
177 |     EpochMismatch { provided: Epoch, required: Epoch },
    |                                      ^^^^^^^^^^^^^^^

warning: missing documentation for a variant
   --> src\cluster\failover.rs:178:5
    |
178 |     InvalidToken,
    |     ^^^^^^^^^^^^

warning: missing documentation for a variant
   --> src\cluster\failover.rs:179:5
    |
179 |     NodeNotLeader { node_id: NodeId },
    |     ^^^^^^^^^^^^^

warning: missing documentation for a struct field
   --> src\cluster\failover.rs:179:21
    |
179 |     NodeNotLeader { node_id: NodeId },
    |                     ^^^^^^^^^^^^^^^

warning: missing documentation for an associated function
   --> src\cluster\failover.rs:222:5
    |
222 |     pub fn new(window_size: usize, warmup_count: usize) -> 
Self {
    |     
^^^^^^^^^^^^^^^^^^^^^^^^^^^^^^^^^^^^^^^^^^^^^^^^^^^^^^^^^^^

warning: missing documentation for an associated function
   --> src\cluster\failover.rs:370:5
    |
370 |     pub fn new(local_node_id: NodeId, config: FailoverConfig) 
-> Self {
    |     
^^^^^^^^^^^^^^^^^^^^^^^^^^^^^^^^^^^^^^^^^^^^^^^^^^^^^^^^^^^^^^^^^

warning: missing documentation for a struct field
   --> src\cluster\failover.rs:591:21
    |
591 |     PromoteLeader { shard_id: u64, new_leader: NodeId },
    |                     ^^^^^^^^^^^^^

warning: missing documentation for a struct field
   --> src\cluster\failover.rs:591:36
    |
591 |     PromoteLeader { shard_id: u64, new_leader: NodeId },
    |                                    ^^^^^^^^^^^^^^^^^^

warning: missing documentation for a struct field
   --> src\cluster\failover.rs:593:19
    |
593 |     ReplaceNode { failed_node: NodeId },
    |                   ^^^^^^^^^^^^^^^^^^^

warning: missing documentation for a struct field
   --> src\cluster\failover.rs:601:5
    |
601 |     pub timestamp: Instant,
    |     ^^^^^^^^^^^^^^^^^^^^^^

warning: missing documentation for a struct field
   --> src\cluster\failover.rs:602:5
    |
602 |     pub action: FailoverAction,
    |     ^^^^^^^^^^^^^^^^^^^^^^^^^^

warning: missing documentation for a struct field
   --> src\cluster\failover.rs:603:5
    |
603 |     pub success: bool,
    |     ^^^^^^^^^^^^^^^^^

warning: missing documentation for a struct field
   --> src\cluster\failover.rs:604:5
    |
604 |     pub error: Option<String>,
    |     ^^^^^^^^^^^^^^^^^^^^^^^^^

warning: missing documentation for an associated function
   --> src\cluster\failover.rs:643:5
    |
643 | /     pub fn new(
644 | |         config: FailoverConfig,
645 | |         health_monitor: Arc<HealthMonitor>,
646 | |     ) -> (Self, mpsc::Receiver<()>) {
    | |___________________________________^

warning: missing documentation for a struct field
   --> src\cluster\failover.rs:837:5
    |
837 |     pub node_id: NodeId,
    |     ^^^^^^^^^^^^^^^^^^^

warning: missing documentation for a struct field
   --> src\cluster\failover.rs:838:5
    |
838 |     pub address: String,
    |     ^^^^^^^^^^^^^^^^^^^

warning: missing documentation for a struct field
   --> src\cluster\failover.rs:839:5
    |
839 |     pub status: MembershipStatus,
    |     ^^^^^^^^^^^^^^^^^^^^^^^^^^^^

warning: missing documentation for a struct field
   --> src\cluster\failover.rs:840:5
    |
840 |     pub joined_at: Instant,
    |     ^^^^^^^^^^^^^^^^^^^^^^

warning: missing documentation for a struct field
   --> src\cluster\failover.rs:841:5
    |
841 |     pub last_seen: Instant,
    |     ^^^^^^^^^^^^^^^^^^^^^^

warning: missing documentation for a struct field
   --> src\cluster\failover.rs:842:5
    |
842 |     pub metadata: HashMap<String, String>,
    |     ^^^^^^^^^^^^^^^^^^^^^^^^^^^^^^^^^^^^^

warning: missing documentation for an associated function
   --> src\cluster\failover.rs:859:5
    |
859 |     pub fn new(local_node_id: NodeId) -> Self {
    |     ^^^^^^^^^^^^^^^^^^^^^^^^^^^^^^^^^^^^^^^^^

warning: missing documentation for an associated function
   --> src\cluster\failover.rs:986:5
    |
986 | /     pub fn new(
987 | |         local_node_id: NodeId,
988 | |         config: FailoverConfig,
989 | |     ) -> (Self, mpsc::Receiver<()>) {
    | |___________________________________^

warning: missing documentation for a struct field
  --> src\cluster\raft\mod.rs:85:9
   |
85 |         data: Vec<u8>,
   |         ^^^^^^^^^^^^^

warning: missing documentation for a struct field
  --> src\cluster\raft\mod.rs:86:9
   |
86 |         respond_to: oneshot::Sender<ProposeResult>,
   |         ^^^^^^^^^^^^^^^^^^^^^^^^^^^^^^^^^^^^^^^^^^

warning: missing documentation for a struct field
  --> src\cluster\raft\mod.rs:90:9
   |
90 |         ctx: Vec<u8>,
   |         ^^^^^^^^^^^^

warning: missing documentation for a struct field
  --> src\cluster\raft\mod.rs:91:9
   |
91 |         respond_to: oneshot::Sender<ReadIndexResult>,
   |         ^^^^^^^^^^^^^^^^^^^^^^^^^^^^^^^^^^^^^^^^^^^^

warning: missing documentation for a struct field
  --> src\cluster\raft\mod.rs:95:9
   |
95 |         respond_to: oneshot::Sender<RaftStatus>,
   |         ^^^^^^^^^^^^^^^^^^^^^^^^^^^^^^^^^^^^^^^

warning: missing documentation for a struct field
   --> src\cluster\raft\mod.rs:108:5
    |
108 |     pub index: LogIndex,
    |     ^^^^^^^^^^^^^^^^^^^

warning: missing documentation for a struct field
   --> src\cluster\raft\mod.rs:109:5
    |
109 |     pub term: Term,
    |     ^^^^^^^^^^^^^^

warning: missing documentation for a struct field
   --> src\cluster\raft\mod.rs:115:5
    |
115 |     pub index: LogIndex,
    |     ^^^^^^^^^^^^^^^^^^^

warning: missing documentation for a struct field
   --> src\cluster\raft\mod.rs:116:5
    |
116 |     pub term: Term,
    |     ^^^^^^^^^^^^^^

warning: missing documentation for a struct field
   --> src\cluster\raft\mod.rs:122:5
    |
122 |     pub id: NodeId,
    |     ^^^^^^^^^^^^^^

warning: missing documentation for a struct field
   --> src\cluster\raft\mod.rs:123:5
    |
123 |     pub state: RaftState,
    |     ^^^^^^^^^^^^^^^^^^^^

warning: missing documentation for a struct field
   --> src\cluster\raft\mod.rs:124:5
    |
124 |     pub term: Term,
    |     ^^^^^^^^^^^^^^

warning: missing documentation for a struct field
   --> src\cluster\raft\mod.rs:125:5
    |
125 |     pub leader_id: NodeId,
    |     ^^^^^^^^^^^^^^^^^^^^^

warning: missing documentation for a struct field
   --> src\cluster\raft\mod.rs:126:5
    |
126 |     pub commit_index: LogIndex,
    |     ^^^^^^^^^^^^^^^^^^^^^^^^^^

warning: missing documentation for a struct field
   --> src\cluster\raft\mod.rs:127:5
    |
127 |     pub applied_index: LogIndex,
    |     ^^^^^^^^^^^^^^^^^^^^^^^^^^^

warning: missing documentation for a struct field
   --> src\cluster\raft\mod.rs:128:5
    |
128 |     pub last_index: LogIndex,
    |     ^^^^^^^^^^^^^^^^^^^^^^^^

warning: missing documentation for an associated function
  --> src\cluster\raft\types.rs:59:5
   |
59 |     pub fn new(index: LogIndex, term: Term, data: Vec<u8>) -> 
Self {
   |     
^^^^^^^^^^^^^^^^^^^^^^^^^^^^^^^^^^^^^^^^^^^^^^^^^^^^^^^^^^^^^^

warning: missing documentation for an associated function
  --> src\cluster\raft\types.rs:68:5
   |
68 |     pub fn new_config_change(index: LogIndex, term: Term, 
data: Vec<u8>) -> Self {
   |     ^^^^^^^^^^^^^^^^^^^^^^^^^^^^^^^^^^^^^^^^^^^^^^^^^^^^^^^^^^^
^^^^^^^^^^^^^^^^^

warning: missing documentation for an associated function
   --> src\cluster\raft\types.rs:122:5
    |
122 |     pub fn new(voters: Vec<NodeId>) -> Self {
    |     ^^^^^^^^^^^^^^^^^^^^^^^^^^^^^^^^^^^^^^^

warning: missing documentation for a method
   --> src\cluster\raft\types.rs:131:5
    |
131 |     pub fn is_voter(&self, node_id: NodeId) -> bool {
    |     ^^^^^^^^^^^^^^^^^^^^^^^^^^^^^^^^^^^^^^^^^^^^^^^

warning: missing documentation for a method
   --> src\cluster\raft\types.rs:135:5
    |
135 |     pub fn is_learner(&self, node_id: NodeId) -> bool {
    |     ^^^^^^^^^^^^^^^^^^^^^^^^^^^^^^^^^^^^^^^^^^^^^^^^^

warning: missing documentation for a method
   --> src\cluster\raft\types.rs:139:5
    |
139 |     pub fn all_nodes(&self) -> Vec<NodeId> {
    |     ^^^^^^^^^^^^^^^^^^^^^^^^^^^^^^^^^^^^^^

warning: missing documentation for a struct field
   --> src\cluster\raft\types.rs:149:5
    |
149 |     pub hard_state: HardState,
    |     ^^^^^^^^^^^^^^^^^^^^^^^^^

warning: missing documentation for a struct field
   --> src\cluster\raft\types.rs:150:5
    |
150 |     pub conf_state: ConfState,
    |     ^^^^^^^^^^^^^^^^^^^^^^^^^

warning: missing documentation for a struct field
   --> src\cluster\raft\types.rs:156:5
    |
156 |     pub next_index: LogIndex,
    |     ^^^^^^^^^^^^^^^^^^^^^^^^

warning: missing documentation for a struct field
   --> src\cluster\raft\types.rs:157:5
    |
157 |     pub match_index: LogIndex,
    |     ^^^^^^^^^^^^^^^^^^^^^^^^^

warning: missing documentation for a struct field
   --> src\cluster\raft\types.rs:158:5
    |
158 |     pub paused: bool,
    |     ^^^^^^^^^^^^^^^^

warning: missing documentation for a struct field
   --> src\cluster\raft\types.rs:159:5
    |
159 |     pub inflight: usize,
    |     ^^^^^^^^^^^^^^^^^^^

warning: missing documentation for a struct field
   --> src\cluster\raft\types.rs:160:5
    |
160 |     pub recent_active: bool,
    |     ^^^^^^^^^^^^^^^^^^^^^^^

warning: missing documentation for a struct field
   --> src\cluster\raft\types.rs:161:5
    |
161 |     pub is_learner: bool,
    |     ^^^^^^^^^^^^^^^^^^^^

warning: missing documentation for an associated function
   --> src\cluster\raft\types.rs:165:5
    |
165 |     pub fn new(next_index: LogIndex, is_learner: bool) -> 
Self {
    |     ^^^^^^^^^^^^^^^^^^^^^^^^^^^^^^^^^^^^^^^^^^^^^^^^^^^^^^^^^^

warning: missing documentation for a method
   --> src\cluster\raft\types.rs:176:5
    |
176 |     pub fn become_reject(&mut self) {
    |     ^^^^^^^^^^^^^^^^^^^^^^^^^^^^^^^

warning: missing documentation for a method
   --> src\cluster\raft\types.rs:183:5
    |
183 |     pub fn become_accept(&mut self, index: LogIndex) {
    |     ^^^^^^^^^^^^^^^^^^^^^^^^^^^^^^^^^^^^^^^^^^^^^^^^

warning: missing documentation for a method
   --> src\cluster\raft\types.rs:192:5
    |
192 |     pub fn optimistic_update(&mut self, last_index: LogIndex) 
{
    |     ^^^^^^^^^^^^^^^^^^^^^^^^^^^^^^^^^^^^^^^^^^^^^^^^^^^^^^^^^

warning: missing documentation for a struct field
   --> src\cluster\raft\types.rs:200:5
    |
200 |     pub index: LogIndex,
    |     ^^^^^^^^^^^^^^^^^^^

warning: missing documentation for a struct field
   --> src\cluster\raft\types.rs:201:5
    |
201 |     pub term: Term,
    |     ^^^^^^^^^^^^^^

warning: missing documentation for a struct field
   --> src\cluster\raft\types.rs:202:5
    |
202 |     pub conf_state: ConfState,
    |     ^^^^^^^^^^^^^^^^^^^^^^^^^

warning: missing documentation for a struct field
   --> src\cluster\raft\types.rs:208:5
    |
208 |     pub metadata: SnapshotMetadata,
    |     ^^^^^^^^^^^^^^^^^^^^^^^^^^^^^^

warning: missing documentation for a struct field
   --> src\cluster\raft\types.rs:209:5
    |
209 |     pub data: Vec<u8>,
    |     ^^^^^^^^^^^^^^^^^

warning: missing documentation for a variant
   --> src\cluster\raft\types.rs:216:5
    |
216 |     Heartbeat,
    |     ^^^^^^^^^

warning: missing documentation for a variant
   --> src\cluster\raft\types.rs:217:5
    |
217 |     AppendEntries,
    |     ^^^^^^^^^^^^^

warning: missing documentation for a variant
   --> src\cluster\raft\types.rs:218:5
    |
218 |     AppendResponse,
    |     ^^^^^^^^^^^^^^

warning: missing documentation for a variant
   --> src\cluster\raft\types.rs:219:5
    |
219 |     RequestVote,
    |     ^^^^^^^^^^^

warning: missing documentation for a variant
   --> src\cluster\raft\types.rs:220:5
    |
220 |     VoteResponse,
    |     ^^^^^^^^^^^^

warning: missing documentation for a variant
   --> src\cluster\raft\types.rs:221:5
    |
221 |     RequestPreVote,
    |     ^^^^^^^^^^^^^^

warning: missing documentation for a variant
   --> src\cluster\raft\types.rs:222:5
    |
222 |     PreVoteResponse,
    |     ^^^^^^^^^^^^^^^

warning: missing documentation for a variant
   --> src\cluster\raft\types.rs:223:5
    |
223 |     InstallSnapshot,
    |     ^^^^^^^^^^^^^^^

warning: missing documentation for a variant
   --> src\cluster\raft\types.rs:224:5
    |
224 |     SnapshotResponse,
    |     ^^^^^^^^^^^^^^^^

warning: missing documentation for a variant
   --> src\cluster\raft\types.rs:225:5
    |
225 |     TimeoutNow,
    |     ^^^^^^^^^^

warning: missing documentation for a struct field
   --> src\cluster\raft\types.rs:231:5
    |
231 |     pub msg_type: MessageType,
    |     ^^^^^^^^^^^^^^^^^^^^^^^^^

warning: missing documentation for a struct field
   --> src\cluster\raft\types.rs:232:5
    |
232 |     pub from: NodeId,
    |     ^^^^^^^^^^^^^^^^

warning: missing documentation for a struct field
   --> src\cluster\raft\types.rs:233:5
    |
233 |     pub to: NodeId,
    |     ^^^^^^^^^^^^^^

warning: missing documentation for a struct field
   --> src\cluster\raft\types.rs:234:5
    |
234 |     pub term: Term,
    |     ^^^^^^^^^^^^^^

warning: missing documentation for a struct field
   --> src\cluster\raft\types.rs:235:5
    |
235 |     pub index: LogIndex,
    |     ^^^^^^^^^^^^^^^^^^^

warning: missing documentation for a struct field
   --> src\cluster\raft\types.rs:236:5
    |
236 |     pub entries: Vec<LogEntry>,
    |     ^^^^^^^^^^^^^^^^^^^^^^^^^^

warning: missing documentation for a struct field
   --> src\cluster\raft\types.rs:237:5
    |
237 |     pub commit: LogIndex,
    |     ^^^^^^^^^^^^^^^^^^^^

warning: missing documentation for a struct field
   --> src\cluster\raft\types.rs:238:5
    |
238 |     pub reject: bool,
    |     ^^^^^^^^^^^^^^^^

warning: missing documentation for a struct field
   --> src\cluster\raft\types.rs:239:5
    |
239 |     pub reject_hint: LogIndex,
    |     ^^^^^^^^^^^^^^^^^^^^^^^^^

warning: missing documentation for a struct field
   --> src\cluster\raft\types.rs:240:5
    |
240 |     pub snapshot: Option<Snapshot>,
    |     ^^^^^^^^^^^^^^^^^^^^^^^^^^^^^^

warning: missing documentation for a struct field
   --> src\cluster\raft\types.rs:241:5
    |
241 |     pub context: Vec<u8>,
    |     ^^^^^^^^^^^^^^^^^^^^

warning: missing documentation for an associated function
   --> src\cluster\raft\types.rs:245:5
    |
245 |     pub fn new(msg_type: MessageType, from: NodeId, to: 
NodeId, term: Term) -> Self {
    |     ^^^^^^^^^^^^^^^^^^^^^^^^^^^^^^^^^^^^^^^^^^^^^^^^^^^^^^^^^^
^^^^^^^^^^^^^^^^^^^^^

warning: missing documentation for a method
   --> src\cluster\raft\types.rs:261:5
    |
261 |     pub fn with_entries(mut self, entries: Vec<LogEntry>) -> 
Self {
    |     
^^^^^^^^^^^^^^^^^^^^^^^^^^^^^^^^^^^^^^^^^^^^^^^^^^^^^^^^^^^^^

warning: missing documentation for a method
   --> src\cluster\raft\types.rs:266:5
    |
266 |     pub fn with_reject(mut self, hint: LogIndex) -> Self {
    |     ^^^^^^^^^^^^^^^^^^^^^^^^^^^^^^^^^^^^^^^^^^^^^^^^^^^^

warning: missing documentation for a variant
   --> src\cluster\raft\types.rs:276:5
    |
276 |     Normal(Vec<u8>),
    |     ^^^^^^

warning: missing documentation for a variant
   --> src\cluster\raft\types.rs:277:5
    |
277 |     ConfChange(ConfChange),
    |     ^^^^^^^^^^

warning: missing documentation for a variant
   --> src\cluster\raft\types.rs:278:5
    |
278 |     ReadIndex(Vec<u8>),
    |     ^^^^^^^^^

warning: missing documentation for a variant
   --> src\cluster\raft\types.rs:284:5
    |
284 |     AddNode { node_id: NodeId, address: String },
    |     ^^^^^^^

warning: missing documentation for a struct field
   --> src\cluster\raft\types.rs:284:15
    |
284 |     AddNode { node_id: NodeId, address: String },
    |               ^^^^^^^^^^^^^^^

warning: missing documentation for a struct field
   --> src\cluster\raft\types.rs:284:32
    |
284 |     AddNode { node_id: NodeId, address: String },
    |                                ^^^^^^^^^^^^^^^

warning: missing documentation for a variant
   --> src\cluster\raft\types.rs:285:5
    |
285 |     RemoveNode { node_id: NodeId },
    |     ^^^^^^^^^^

warning: missing documentation for a struct field
   --> src\cluster\raft\types.rs:285:18
    |
285 |     RemoveNode { node_id: NodeId },
    |                  ^^^^^^^^^^^^^^^

warning: missing documentation for a variant
   --> src\cluster\raft\types.rs:286:5
    |
286 |     AddLearner { node_id: NodeId, address: String },
    |     ^^^^^^^^^^

warning: missing documentation for a struct field
   --> src\cluster\raft\types.rs:286:18
    |
286 |     AddLearner { node_id: NodeId, address: String },
    |                  ^^^^^^^^^^^^^^^

warning: missing documentation for a struct field
   --> src\cluster\raft\types.rs:286:35
    |
286 |     AddLearner { node_id: NodeId, address: String },
    |                                   ^^^^^^^^^^^^^^^

warning: missing documentation for a struct field
   --> src\cluster\raft\types.rs:292:5
    |
292 |     pub hard_state: Option<HardState>,
    |     ^^^^^^^^^^^^^^^^^^^^^^^^^^^^^^^^^

warning: missing documentation for a struct field
   --> src\cluster\raft\types.rs:293:5
    |
293 |     pub entries: Vec<LogEntry>,
    |     ^^^^^^^^^^^^^^^^^^^^^^^^^^

warning: missing documentation for a struct field
   --> src\cluster\raft\types.rs:294:5
    |
294 |     pub committed_entries: Vec<LogEntry>,
    |     ^^^^^^^^^^^^^^^^^^^^^^^^^^^^^^^^^^^^

warning: missing documentation for a struct field
   --> src\cluster\raft\types.rs:295:5
    |
295 |     pub messages: Vec<Message>,
    |     ^^^^^^^^^^^^^^^^^^^^^^^^^^

warning: missing documentation for a struct field
   --> src\cluster\raft\types.rs:296:5
    |
296 |     pub snapshot: Option<Snapshot>,
    |     ^^^^^^^^^^^^^^^^^^^^^^^^^^^^^^

warning: missing documentation for a method
   --> src\cluster\raft\types.rs:300:5
    |
300 |     pub fn is_empty(&self) -> bool {
    |     ^^^^^^^^^^^^^^^^^^^^^^^^^^^^^^

warning: missing documentation for a struct field
   --> src\cluster\raft\types.rs:312:5
    |
312 |     pub id: NodeId,
    |     ^^^^^^^^^^^^^^

warning: missing documentation for a struct field
   --> src\cluster\raft\types.rs:313:5
    |
313 |     pub election_timeout_min: Duration,
    |     ^^^^^^^^^^^^^^^^^^^^^^^^^^^^^^^^^^

warning: missing documentation for a struct field
   --> src\cluster\raft\types.rs:314:5
    |
314 |     pub election_timeout_max: Duration,
    |     ^^^^^^^^^^^^^^^^^^^^^^^^^^^^^^^^^^

warning: missing documentation for a struct field
   --> src\cluster\raft\types.rs:315:5
    |
315 |     pub heartbeat_interval: Duration,
    |     ^^^^^^^^^^^^^^^^^^^^^^^^^^^^^^^^

warning: missing documentation for a struct field
   --> src\cluster\raft\types.rs:316:5
    |
316 |     pub max_msg_size: usize,
    |     ^^^^^^^^^^^^^^^^^^^^^^^

warning: missing documentation for a struct field
   --> src\cluster\raft\types.rs:317:5
    |
317 |     pub max_inflight: usize,
    |     ^^^^^^^^^^^^^^^^^^^^^^^

warning: missing documentation for a struct field
   --> src\cluster\raft\types.rs:318:5
    |
318 |     pub pre_vote: bool,
    |     ^^^^^^^^^^^^^^^^^^

warning: missing documentation for a struct field
   --> src\cluster\raft\types.rs:319:5
    |
319 |     pub check_quorum: bool,
    |     ^^^^^^^^^^^^^^^^^^^^^^

warning: missing documentation for a struct field
   --> src\cluster\raft\types.rs:320:5
    |
320 |     pub batch_apply: bool,
    |     ^^^^^^^^^^^^^^^^^^^^^

warning: missing documentation for a struct field
   --> src\cluster\raft\types.rs:342:5
    |
342 |     pub leader_id: NodeId,
    |     ^^^^^^^^^^^^^^^^^^^^^

warning: missing documentation for a struct field
   --> src\cluster\raft\types.rs:343:5
    |
343 |     pub raft_state: RaftState,
    |     ^^^^^^^^^^^^^^^^^^^^^^^^^

warning: missing documentation for a struct field
   --> src\cluster\raft\types.rs:349:5
    |
349 |     pub index: LogIndex,
    |     ^^^^^^^^^^^^^^^^^^^

warning: missing documentation for a struct field
   --> src\cluster\raft\types.rs:350:5
    |
350 |     pub request_ctx: Vec<u8>,
    |     ^^^^^^^^^^^^^^^^^^^^^^^^

warning: missing documentation for a method
   --> src\cluster\raft\types.rs:355:5
    |
355 |     fn initial_state(&self) -> crate::Result<PersistentState>;
    |     ^^^^^^^^^^^^^^^^^^^^^^^^^^^^^^^^^^^^^^^^^^^^^^^^^^^^^^^^^^

warning: missing documentation for a method
   --> src\cluster\raft\types.rs:356:5
    |
356 |     fn entries(&self, low: LogIndex, high: LogIndex, 
max_size: usize) -> crate::Result<Vec<LogEntry>>;
    |     ^^^^^^^^^^^^^^^^^^^^^^^^^^^^^^^^^^^^^^^^^^^^^^^^^^^^^^^^^^
^^^^^^^^^^^^^^^^^^^^^^^^^^^^^^^^^^^^^^^^

warning: missing documentation for a method
   --> src\cluster\raft\types.rs:357:5
    |
357 |     fn term(&self, idx: LogIndex) -> crate::Result<Term>;
    |     ^^^^^^^^^^^^^^^^^^^^^^^^^^^^^^^^^^^^^^^^^^^^^^^^^^^^^

warning: missing documentation for a method
   --> src\cluster\raft\types.rs:358:5
    |
358 |     fn first_index(&self) -> crate::Result<LogIndex>;
    |     ^^^^^^^^^^^^^^^^^^^^^^^^^^^^^^^^^^^^^^^^^^^^^^^^^

warning: missing documentation for a method
   --> src\cluster\raft\types.rs:359:5
    |
359 |     fn last_index(&self) -> crate::Result<LogIndex>;
    |     ^^^^^^^^^^^^^^^^^^^^^^^^^^^^^^^^^^^^^^^^^^^^^^^^

warning: missing documentation for a method
   --> src\cluster\raft\types.rs:360:5
    |
360 |     fn snapshot(&self) -> crate::Result<Snapshot>;
    |     ^^^^^^^^^^^^^^^^^^^^^^^^^^^^^^^^^^^^^^^^^^^^^^

warning: missing documentation for a struct field
   --> src\cluster\raft\types.rs:366:5
    |
366 |     pub state: RaftState,
    |     ^^^^^^^^^^^^^^^^^^^^

warning: missing documentation for a struct field
   --> src\cluster\raft\types.rs:367:5
    |
367 |     pub term: Term,
    |     ^^^^^^^^^^^^^^

warning: missing documentation for a struct field
   --> src\cluster\raft\types.rs:368:5
    |
368 |     pub leader_id: NodeId,
    |     ^^^^^^^^^^^^^^^^^^^^^

warning: missing documentation for a struct field
   --> src\cluster\raft\types.rs:369:5
    |
369 |     pub commit_index: LogIndex,
    |     ^^^^^^^^^^^^^^^^^^^^^^^^^^

warning: missing documentation for a struct field
   --> src\cluster\raft\types.rs:370:5
    |
370 |     pub applied_index: LogIndex,
    |     ^^^^^^^^^^^^^^^^^^^^^^^^^^^

warning: missing documentation for a struct field
   --> src\cluster\raft\types.rs:371:5
    |
371 |     pub last_index: LogIndex,
    |     ^^^^^^^^^^^^^^^^^^^^^^^^

warning: missing documentation for a struct field
   --> src\cluster\raft\types.rs:372:5
    |
372 |     pub pending_proposals: usize,
    |     ^^^^^^^^^^^^^^^^^^^^^^^^^^^^

warning: missing documentation for a variant
   --> src\cluster\raft\types.rs:378:5
    |
378 |     NotLeader { hint: Option<NodeId> },
    |     ^^^^^^^^^

warning: missing documentation for a struct field
   --> src\cluster\raft\types.rs:378:17
    |
378 |     NotLeader { hint: Option<NodeId> },
    |                 ^^^^^^^^^^^^^^^^^^^^

warning: missing documentation for a variant
   --> src\cluster\raft\types.rs:379:5
    |
379 |     ProposalDropped,
    |     ^^^^^^^^^^^^^^^

warning: missing documentation for a variant
   --> src\cluster\raft\types.rs:380:5
    |
380 |     Storage(String),
    |     ^^^^^^^

warning: missing documentation for a variant
   --> src\cluster\raft\types.rs:381:5
    |
381 |     Configuration(String),
    |     ^^^^^^^^^^^^^

warning: missing documentation for a variant
   --> src\cluster\raft\types.rs:382:5
    |
382 |     ChannelClosed,
    |     ^^^^^^^^^^^^^

warning: missing documentation for a variant
   --> src\cluster\raft\types.rs:383:5
    |
383 |     InvalidState { expected: String, actual: String },
    |     ^^^^^^^^^^^^

warning: missing documentation for a struct field
   --> src\cluster\raft\types.rs:383:20
    |
383 |     InvalidState { expected: String, actual: String },
    |                    ^^^^^^^^^^^^^^^^

warning: missing documentation for a struct field
   --> src\cluster\raft\types.rs:383:38
    |
383 |     InvalidState { expected: String, actual: String },
    |                                      ^^^^^^^^^^^^^^

warning: missing documentation for a method
   --> src\cluster\raft\node.rs:145:5
    |
145 |     pub fn id(&self) -> NodeId {
    |     ^^^^^^^^^^^^^^^^^^^^^^^^^^

warning: missing documentation for a method
   --> src\cluster\raft\node.rs:149:5
    |
149 |     pub fn term(&self) -> Term {
    |     ^^^^^^^^^^^^^^^^^^^^^^^^^^

warning: missing documentation for a method
   --> src\cluster\raft\node.rs:153:5
    |
153 |     pub fn state(&self) -> RaftState {
    |     ^^^^^^^^^^^^^^^^^^^^^^^^^^^^^^^^

warning: missing documentation for a method
   --> src\cluster\raft\node.rs:157:5
    |
157 |     pub fn leader_id(&self) -> NodeId {
    |     ^^^^^^^^^^^^^^^^^^^^^^^^^^^^^^^^^

warning: missing documentation for a method
   --> src\cluster\raft\node.rs:161:5
    |
161 |     pub fn is_leader(&self) -> bool {
    |     ^^^^^^^^^^^^^^^^^^^^^^^^^^^^^^^

warning: missing documentation for a method
   --> src\cluster\raft\node.rs:165:5
    |
165 |     pub fn commit_index(&self) -> LogIndex {
    |     ^^^^^^^^^^^^^^^^^^^^^^^^^^^^^^^^^^^^^^

warning: missing documentation for a method
   --> src\cluster\raft\node.rs:169:5
    |
169 |     pub fn last_index(&self) -> LogIndex {
    |     ^^^^^^^^^^^^^^^^^^^^^^^^^^^^^^^^^^^^

warning: missing documentation for a method
   --> src\cluster\raft\node.rs:173:5
    |
173 |     pub fn last_term(&self) -> Term {
    |     ^^^^^^^^^^^^^^^^^^^^^^^^^^^^^^^

warning: missing documentation for a method
   --> src\cluster\raft\node.rs:177:5
    |
177 |     pub fn conf_state(&self) -> &ConfState {
    |     ^^^^^^^^^^^^^^^^^^^^^^^^^^^^^^^^^^^^^^

warning: missing documentation for an associated function
   --> src\cluster\raft\storage.rs:322:5
    |
322 |     pub fn new(path: impl AsRef<std::path::Path>) -> 
crate::Result<Self> {
    |     
^^^^^^^^^^^^^^^^^^^^^^^^^^^^^^^^^^^^^^^^^^^^^^^^^^^^^^^^^^^^^^^^^^^^

warning: missing documentation for a struct field
   --> src\cluster\replication.rs:406:5
    |
406 |     pub total_shards: usize,
    |     ^^^^^^^^^^^^^^^^^^^^^^^

warning: missing documentation for a struct field
   --> src\cluster\replication.rs:407:5
    |
407 |     pub total_replicas: usize,
    |     ^^^^^^^^^^^^^^^^^^^^^^^^^

warning: missing documentation for a struct field
   --> src\cluster\replication.rs:408:5
    |
408 |     pub online_replicas: usize,
    |     ^^^^^^^^^^^^^^^^^^^^^^^^^^

warning: missing documentation for a struct field
   --> src\cluster\replication.rs:409:5
    |
409 |     pub offline_replicas: usize,
    |     ^^^^^^^^^^^^^^^^^^^^^^^^^^^

warning: missing documentation for a struct field
   --> src\cluster\replication.rs:410:5
    |
410 |     pub avg_replication_lag_ms: u64,
    |     ^^^^^^^^^^^^^^^^^^^^^^^^^^^^^^^

warning: use of `async fn` in public traits is discouraged as auto 
trait bounds cannot be specified
   --> src\cluster\replication.rs:606:5
    |
606 |     async fn write_to_leader(
    |     ^^^^^
    |
    = note: you can suppress this lint if you plan to use the trait 
only in your own code, or do not care about auto traits like `Send` 
on the `Future`
    = note: `#[warn(async_fn_in_trait)]` on by default
help: you can alternatively desugar to a normal `fn` that returns 
`impl Future` and add any desired bounds such as `Send`, but these 
cannot be relaxed without a breaking API change
    |
606 ~     fn write_to_leader(
607 |         &self,
...
610 |         data: Vec<u8>,
611 ~     ) -> impl std::future::Future<Output = Result<u64, 
crate::RTDBError>> + Send;
    |

warning: use of `async fn` in public traits is discouraged as auto 
trait bounds cannot be specified
   --> src\cluster\replication.rs:614:5
    |
614 |     async fn replicate_to_follower(
    |     ^^^^^
    |
    = note: you can suppress this lint if you plan to use the trait 
only in your own code, or do not care about auto traits like `Send` 
on the `Future`
help: you can alternatively desugar to a normal `fn` that returns 
`impl Future` and add any desired bounds such as `Send`, but these 
cannot be relaxed without a breaking API change
    |
614 ~     fn replicate_to_follower(
615 |         &self,
...
619 |         data: Vec<u8>,
620 ~     ) -> impl std::future::Future<Output = Result<(), 
crate::RTDBError>> + Send;
    |

warning: missing documentation for a struct field
  --> src\auth\mod.rs:34:5
   |
34 |     pub message: String,
   |     ^^^^^^^^^^^^^^^^^^^

warning: missing documentation for a struct field
  --> src\auth\mod.rs:35:5
   |
35 |     pub status: StatusCode,
   |     ^^^^^^^^^^^^^^^^^^^^^^

warning: missing documentation for an associated function
  --> src\auth\mod.rs:39:5
   |
39 |     pub fn unauthorized(msg: impl Into<String>) -> Self {
   |     ^^^^^^^^^^^^^^^^^^^^^^^^^^^^^^^^^^^^^^^^^^^^^^^^^^^

warning: missing documentation for an associated function
  --> src\auth\mod.rs:46:5
   |
46 |     pub fn forbidden(msg: impl Into<String>) -> Self {
   |     ^^^^^^^^^^^^^^^^^^^^^^^^^^^^^^^^^^^^^^^^^^^^^^^^

warning: missing documentation for a struct field
   --> src\auth\middleware.rs:145:5
    |
145 |     pub config: AuthConfig,
    |     ^^^^^^^^^^^^^^^^^^^^^^

warning: missing documentation for a struct field
   --> src\auth\middleware.rs:146:5
    |
146 |     pub key_store: Arc<ApiKeyStore>,
    |     ^^^^^^^^^^^^^^^^^^^^^^^^^^^^^^^

warning: missing documentation for an associated function
   --> src\auth\middleware.rs:150:5
    |
150 |     pub fn new(config: AuthConfig, key_store: 
Arc<ApiKeyStore>) -> Self {
    |     
^^^^^^^^^^^^^^^^^^^^^^^^^^^^^^^^^^^^^^^^^^^^^^^^^^^^^^^^^^^^^^^^^^^

warning: missing documentation for a variant
 --> src\auth\rbac.rs:9:5
  |
9 |     CreateCollection,
  |     ^^^^^^^^^^^^^^^^

warning: missing documentation for a variant
  --> src\auth\rbac.rs:10:5
   |
10 |     DeleteCollection,
   |     ^^^^^^^^^^^^^^^^

warning: missing documentation for a variant
  --> src\auth\rbac.rs:11:5
   |
11 |     ListCollections,
   |     ^^^^^^^^^^^^^^^

warning: missing documentation for a variant
  --> src\auth\rbac.rs:12:5
   |
12 |     GetCollectionInfo,
   |     ^^^^^^^^^^^^^^^^^

warning: missing documentation for a variant
  --> src\auth\rbac.rs:15:5
   |
15 |     InsertVectors,
   |     ^^^^^^^^^^^^^

warning: missing documentation for a variant
  --> src\auth\rbac.rs:16:5
   |
16 |     DeleteVectors,
   |     ^^^^^^^^^^^^^

warning: missing documentation for a variant
  --> src\auth\rbac.rs:17:5
   |
17 |     Search,
   |     ^^^^^^

warning: missing documentation for a variant
  --> src\auth\rbac.rs:18:5
   |
18 |     Retrieve,
   |     ^^^^^^^^

warning: missing documentation for a variant
  --> src\auth\rbac.rs:21:5
   |
21 |     CreateIndex,
   |     ^^^^^^^^^^^

warning: missing documentation for a variant
  --> src\auth\rbac.rs:22:5
   |
22 |     DeleteIndex,
   |     ^^^^^^^^^^^

warning: missing documentation for a variant
  --> src\auth\rbac.rs:23:5
   |
23 |     OptimizeIndex,
   |     ^^^^^^^^^^^^^

warning: missing documentation for a variant
  --> src\auth\rbac.rs:26:5
   |
26 |     ClusterAdmin,
   |     ^^^^^^^^^^^^

warning: missing documentation for a variant
  --> src\auth\rbac.rs:27:5
   |
27 |     ViewClusterStatus,
   |     ^^^^^^^^^^^^^^^^^

warning: missing documentation for a variant
  --> src\auth\rbac.rs:30:5
   |
30 |     SystemAdmin,
   |     ^^^^^^^^^^^

warning: missing documentation for a variant
  --> src\auth\rbac.rs:31:5
   |
31 |     ViewMetrics,
   |     ^^^^^^^^^^^

warning: missing documentation for a variant
  --> src\auth\rbac.rs:32:5
   |
32 |     ViewLogs,
   |     ^^^^^^^^

warning: missing documentation for a variant
   --> src\auth\rbac.rs:189:5
    |
189 |     Create,
    |     ^^^^^^

warning: missing documentation for a variant
   --> src\auth\rbac.rs:190:5
    |
190 |     Delete,
    |     ^^^^^^

warning: missing documentation for a variant
   --> src\auth\rbac.rs:191:5
    |
191 |     List,
    |     ^^^^

warning: missing documentation for a variant
   --> src\auth\rbac.rs:192:5
    |
192 |     GetInfo,
    |     ^^^^^^^

warning: missing documentation for a variant
   --> src\auth\rbac.rs:198:5
    |
198 |     Insert,
    |     ^^^^^^

warning: missing documentation for a variant
   --> src\auth\rbac.rs:199:5
    |
199 |     Delete,
    |     ^^^^^^

warning: missing documentation for a variant
   --> src\auth\rbac.rs:200:5
    |
200 |     Search,
    |     ^^^^^^

warning: missing documentation for a variant
   --> src\auth\rbac.rs:201:5
    |
201 |     Retrieve,
    |     ^^^^^^^^

warning: missing documentation for an associated function
  --> src\observability\mod.rs:92:5
   |
92 |     pub fn new(config: ObservabilityConfig) -> Self {
   |     ^^^^^^^^^^^^^^^^^^^^^^^^^^^^^^^^^^^^^^^^^^^^^^^

warning: missing documentation for a method
   --> src\observability\mod.rs:107:5
    |
107 |     pub fn metrics(&self) -> Arc<MetricsCollector> {
    |     ^^^^^^^^^^^^^^^^^^^^^^^^^^^^^^^^^^^^^^^^^^^^^^

warning: missing documentation for a method
   --> src\observability\mod.rs:111:5
    |
111 |     pub fn health(&self) -> Arc<HealthChecker> {
    |     ^^^^^^^^^^^^^^^^^^^^^^^^^^^^^^^^^^^^^^^^^^

warning: missing documentation for an enum
   --> src\observability\mod.rs:142:1
    |
142 | pub enum ObservabilityError {
    | ^^^^^^^^^^^^^^^^^^^^^^^^^^^

warning: missing documentation for a variant
   --> src\observability\mod.rs:144:5
    |
144 |     MetricsInit(String),
    |     ^^^^^^^^^^^

warning: missing documentation for a variant
   --> src\observability\mod.rs:146:5
    |
146 |     HealthCheck(String),
    |     ^^^^^^^^^^^

warning: missing documentation for a struct field
  --> src\observability\metrics.rs:21:5
   |
21 |     pub operation: Option<String>,
   |     ^^^^^^^^^^^^^^^^^^^^^^^^^^^^^

warning: missing documentation for a struct field
  --> src\observability\metrics.rs:22:5
   |
22 |     pub collection: Option<String>,
   |     ^^^^^^^^^^^^^^^^^^^^^^^^^^^^^^

warning: missing documentation for a struct field
  --> src\observability\metrics.rs:23:5
   |
23 |     pub index_type: Option<String>,
   |     ^^^^^^^^^^^^^^^^^^^^^^^^^^^^^^

warning: missing documentation for a struct field
  --> src\observability\metrics.rs:24:5
   |
24 |     pub status: Option<String>,
   |     ^^^^^^^^^^^^^^^^^^^^^^^^^^

warning: missing documentation for a struct field
  --> src\observability\metrics.rs:25:5
   |
25 |     pub node_id: Option<String>,
   |     ^^^^^^^^^^^^^^^^^^^^^^^^^^^

warning: missing documentation for an associated function
  --> src\observability\metrics.rs:29:5
   |
29 |     pub fn new() -> Self {
   |     ^^^^^^^^^^^^^^^^^^^^

warning: missing documentation for a method
  --> src\observability\metrics.rs:33:5
   |
33 |     pub fn operation(mut self, op: impl Into<String>) -> Self {
   |     ^^^^^^^^^^^^^^^^^^^^^^^^^^^^^^^^^^^^^^^^^^^^^^^^^^^^^^^^^

warning: missing documentation for a method
  --> src\observability\metrics.rs:38:5
   |
38 |     pub fn collection(mut self, col: impl Into<String>) -> 
Self {
   |     ^^^^^^^^^^^^^^^^^^^^^^^^^^^^^^^^^^^^^^^^^^^^^^^^^^^^^^^^^^^

warning: missing documentation for a method
  --> src\observability\metrics.rs:43:5
   |
43 |     pub fn index_type(mut self, idx: impl Into<String>) -> 
Self {
   |     ^^^^^^^^^^^^^^^^^^^^^^^^^^^^^^^^^^^^^^^^^^^^^^^^^^^^^^^^^^^

warning: missing documentation for a method
  --> src\observability\metrics.rs:48:5
   |
48 |     pub fn status(mut self, status: impl Into<String>) -> Self 
{
   |     ^^^^^^^^^^^^^^^^^^^^^^^^^^^^^^^^^^^^^^^^^^^^^^^^^^^^^^^^^^

warning: missing documentation for a method
  --> src\observability\metrics.rs:53:5
   |
53 |     pub fn node_id(mut self, node: impl Into<String>) -> Self {
   |     ^^^^^^^^^^^^^^^^^^^^^^^^^^^^^^^^^^^^^^^^^^^^^^^^^^^^^^^^^

warning: missing documentation for a variant
  --> src\observability\metrics.rs:76:5
   |
76 |     Counter(u64),
   |     ^^^^^^^

warning: missing documentation for a variant
  --> src\observability\metrics.rs:77:5
   |
77 |     Gauge(f64),
   |     ^^^^^

warning: missing documentation for a variant
  --> src\observability\metrics.rs:78:5
   |
78 |     Duration(Duration),
   |     ^^^^^^^^

warning: missing documentation for a struct field
  --> src\observability\metrics.rs:90:5
   |
90 |     pub query_duration: HistogramVec,
   |     ^^^^^^^^^^^^^^^^^^^^^^^^^^^^^^^^

warning: missing documentation for a struct field
  --> src\observability\metrics.rs:91:5
   |
91 |     pub queries_total: CounterVec,
   |     ^^^^^^^^^^^^^^^^^^^^^^^^^^^^^

warning: missing documentation for a struct field
  --> src\observability\metrics.rs:92:5
   |
92 |     pub query_errors_total: CounterVec,
   |     ^^^^^^^^^^^^^^^^^^^^^^^^^^^^^^^^^^

warning: missing documentation for a struct field
  --> src\observability\metrics.rs:95:5
   |
95 |     pub index_size_bytes: GaugeVec,
   |     ^^^^^^^^^^^^^^^^^^^^^^^^^^^^^^

warning: missing documentation for a struct field
  --> src\observability\metrics.rs:96:5
   |
96 |     pub index_vector_count: GaugeVec,
   |     ^^^^^^^^^^^^^^^^^^^^^^^^^^^^^^^^

warning: missing documentation for a struct field
  --> src\observability\metrics.rs:97:5
   |
97 |     pub index_recall: GaugeVec,
   |     ^^^^^^^^^^^^^^^^^^^^^^^^^^

warning: missing documentation for a struct field
  --> src\observability\metrics.rs:98:5
   |
98 |     pub index_build_duration: HistogramVec,
   |     ^^^^^^^^^^^^^^^^^^^^^^^^^^^^^^^^^^^^^^

warning: missing documentation for a struct field
   --> src\observability\metrics.rs:101:5
    |
101 |     pub storage_size_bytes: Gauge,
    |     ^^^^^^^^^^^^^^^^^^^^^^^^^^^^^

warning: missing documentation for a struct field
   --> src\observability\metrics.rs:102:5
    |
102 |     pub storage_documents_total: Gauge,
    |     ^^^^^^^^^^^^^^^^^^^^^^^^^^^^^^^^^^

warning: missing documentation for a struct field
   --> src\observability\metrics.rs:103:5
    |
103 |     pub storage_collections_total: Gauge,
    |     ^^^^^^^^^^^^^^^^^^^^^^^^^^^^^^^^^^^^

warning: missing documentation for a struct field
   --> src\observability\metrics.rs:106:5
    |
106 |     pub connections_active: Gauge,
    |     ^^^^^^^^^^^^^^^^^^^^^^^^^^^^^

warning: missing documentation for a struct field
   --> src\observability\metrics.rs:107:5
    |
107 |     pub connections_total: Counter,
    |     ^^^^^^^^^^^^^^^^^^^^^^^^^^^^^^

warning: missing documentation for a struct field
   --> src\observability\metrics.rs:110:5
    |
110 |     pub replication_lag_seconds: GaugeVec,
    |     ^^^^^^^^^^^^^^^^^^^^^^^^^^^^^^^^^^^^^

warning: missing documentation for a struct field
   --> src\observability\metrics.rs:111:5
    |
111 |     pub replication_ops_total: CounterVec,
    |     ^^^^^^^^^^^^^^^^^^^^^^^^^^^^^^^^^^^^^

warning: missing documentation for an associated function
   --> src\observability\metrics.rs:280:5
    |
280 |     pub fn new(service_name: String, service_version: String) 
-> Self {
    |     
^^^^^^^^^^^^^^^^^^^^^^^^^^^^^^^^^^^^^^^^^^^^^^^^^^^^^^^^^^^^^^^^^

warning: missing documentation for a method
   --> src\observability\metrics.rs:298:5
    |
298 |     pub fn init(&self, process_metrics: bool) -> Result<(), 
String> {
    |     
^^^^^^^^^^^^^^^^^^^^^^^^^^^^^^^^^^^^^^^^^^^^^^^^^^^^^^^^^^^^^^^

warning: missing documentation for a struct field
   --> src\observability\metrics.rs:477:5
    |
477 |     pub cpu_usage: Gauge,
    |     ^^^^^^^^^^^^^^^^^^^^

warning: missing documentation for a struct field
   --> src\observability\metrics.rs:478:5
    |
478 |     pub memory_usage_bytes: Gauge,
    |     ^^^^^^^^^^^^^^^^^^^^^^^^^^^^^

warning: missing documentation for a struct field
   --> src\observability\metrics.rs:479:5
    |
479 |     pub memory_total_bytes: Gauge,
    |     ^^^^^^^^^^^^^^^^^^^^^^^^^^^^^

warning: missing documentation for a struct field
   --> src\observability\metrics.rs:480:5
    |
480 |     pub disk_usage_bytes: Gauge,
    |     ^^^^^^^^^^^^^^^^^^^^^^^^^^^

warning: missing documentation for a struct field
   --> src\observability\metrics.rs:481:5
    |
481 |     pub disk_total_bytes: Gauge,
    |     ^^^^^^^^^^^^^^^^^^^^^^^^^^^

warning: missing documentation for a struct field
   --> src\observability\metrics.rs:482:5
    |
482 |     pub open_files: Gauge,
    |     ^^^^^^^^^^^^^^^^^^^^^

warning: missing documentation for a struct field
   --> src\observability\metrics.rs:483:5
    |
483 |     pub goroutines: Gauge, // Will map to async tasks in Rust
    |     ^^^^^^^^^^^^^^^^^^^^^

warning: missing documentation for an associated function
   --> src\observability\metrics.rs:585:5
    |
585 |     pub fn new(collector: Arc<MetricsCollector>) -> Self {
    |     ^^^^^^^^^^^^^^^^^^^^^^^^^^^^^^^^^^^^^^^^^^^^^^^^^^^^

warning: missing documentation for a method
  --> src\observability\health.rs:31:5
   |
31 |     pub fn is_healthy(&self) -> bool {
   |     ^^^^^^^^^^^^^^^^^^^^^^^^^^^^^^^^

warning: missing documentation for a method
  --> src\observability\health.rs:35:5
   |
35 |     pub fn is_available(&self) -> bool {
   |     ^^^^^^^^^^^^^^^^^^^^^^^^^^^^^^^^^^

warning: missing documentation for a method
  --> src\observability\health.rs:39:5
   |
39 |     pub fn http_code(&self) -> u16 {
   |     ^^^^^^^^^^^^^^^^^^^^^^^^^^^^^^

warning: missing documentation for a struct field
  --> src\observability\health.rs:63:5
   |
63 |     pub name: String,
   |     ^^^^^^^^^^^^^^^^

warning: missing documentation for a struct field
  --> src\observability\health.rs:64:5
   |
64 |     pub status: HealthStatus,
   |     ^^^^^^^^^^^^^^^^^^^^^^^^

warning: missing documentation for a struct field
  --> src\observability\health.rs:65:5
   |
65 |     pub message: Option<String>,
   |     ^^^^^^^^^^^^^^^^^^^^^^^^^^^

warning: missing documentation for a struct field
  --> src\observability\health.rs:66:5
   |
66 |     pub timestamp: Instant,
   |     ^^^^^^^^^^^^^^^^^^^^^^

warning: missing documentation for a struct field
  --> src\observability\health.rs:67:5
   |
67 |     pub duration: Duration,
   |     ^^^^^^^^^^^^^^^^^^^^^^

warning: missing documentation for an associated function
  --> src\observability\health.rs:71:5
   |
71 |     pub fn new(name: impl Into<String>, status: HealthStatus) 
-> Self {
   |     
^^^^^^^^^^^^^^^^^^^^^^^^^^^^^^^^^^^^^^^^^^^^^^^^^^^^^^^^^^^^^^^^^

warning: missing documentation for a method
  --> src\observability\health.rs:81:5
   |
81 |     pub fn with_message(mut self, msg: impl Into<String>) -> 
Self {
   |     
^^^^^^^^^^^^^^^^^^^^^^^^^^^^^^^^^^^^^^^^^^^^^^^^^^^^^^^^^^^^^

warning: missing documentation for a method
  --> src\observability\health.rs:86:5
   |
86 |     pub fn with_duration(mut self, duration: Duration) -> Self 
{
   |     ^^^^^^^^^^^^^^^^^^^^^^^^^^^^^^^^^^^^^^^^^^^^^^^^^^^^^^^^^^

warning: missing documentation for an associated function
   --> src\observability\health.rs:123:5
    |
123 |     pub fn new() -> Self {
    |     ^^^^^^^^^^^^^^^^^^^^

warning: missing documentation for an associated function
   --> src\observability\health.rs:153:5
    |
153 |     pub fn new() -> Self {
    |     ^^^^^^^^^^^^^^^^^^^^

warning: missing documentation for a method
   --> src\observability\health.rs:159:5
    |
159 |     pub async fn add_check(&self, check: Box<dyn 
HealthCheck>) {
    |     ^^^^^^^^^^^^^^^^^^^^^^^^^^^^^^^^^^^^^^^^^^^^^^^^^^^^^^^^^^

warning: missing documentation for an associated function
   --> src\observability\health.rs:210:5
    |
210 |     pub fn new() -> Self {
    |     ^^^^^^^^^^^^^^^^^^^^

warning: missing documentation for a method
   --> src\observability\health.rs:217:5
    |
217 |     pub fn mark_ready(&self) {
    |     ^^^^^^^^^^^^^^^^^^^^^^^^

warning: missing documentation for a method
   --> src\observability\health.rs:224:5
    |
224 |     pub fn is_ready(&self) -> bool {
    |     ^^^^^^^^^^^^^^^^^^^^^^^^^^^^^^

warning: missing documentation for an associated function
   --> src\observability\health.rs:262:5
    |
262 | /     pub fn new<F>(name: impl Into<String>, check_fn: F) -> 
Self
263 | |     where
264 | |         F: Fn() -> bool + Send + Sync + 'static,
    | |________________________________________________^

warning: missing documentation for a struct
   --> src\observability\health.rs:301:1
    |
301 | pub struct ClusterStatus {
    | ^^^^^^^^^^^^^^^^^^^^^^^^

warning: missing documentation for a struct field
   --> src\observability\health.rs:302:5
    |
302 |     pub node_count: usize,
    |     ^^^^^^^^^^^^^^^^^^^^^

warning: missing documentation for a struct field
   --> src\observability\health.rs:303:5
    |
303 |     pub healthy_nodes: usize,
    |     ^^^^^^^^^^^^^^^^^^^^^^^^

warning: missing documentation for a struct field
   --> src\observability\health.rs:304:5
    |
304 |     pub is_quorum: bool,
    |     ^^^^^^^^^^^^^^^^^^^

warning: missing documentation for a struct field
   --> src\observability\health.rs:305:5
    |
305 |     pub leader_id: Option<String>,
    |     ^^^^^^^^^^^^^^^^^^^^^^^^^^^^^

warning: missing documentation for an associated function
   --> src\observability\health.rs:309:5
    |
309 | /     pub fn new<F>(get_status: F) -> Self
310 | |     where
311 | |         F: Fn() -> ClusterStatus + Send + Sync + 'static,
    | |_________________________________________________________^

warning: missing documentation for an associated function
   --> src\observability\health.rs:363:5
    |
363 |     pub fn new() -> Self {
    |     ^^^^^^^^^^^^^^^^^^^^

warning: missing documentation for a struct field
   --> src\observability\health.rs:484:5
    |
484 |     pub status: HealthStatus,
    |     ^^^^^^^^^^^^^^^^^^^^^^^^

warning: missing documentation for a struct field
   --> src\observability\health.rs:485:5
    |
485 |     pub checks: HashMap<String, HealthCheckResult>,
    |     ^^^^^^^^^^^^^^^^^^^^^^^^^^^^^^^^^^^^^^^^^^^^^^

warning: missing documentation for a method
   --> src\observability\health.rs:489:5
    |
489 |     pub fn to_json(&self) -> serde_json::Value {
    |     ^^^^^^^^^^^^^^^^^^^^^^^^^^^^^^^^^^^^^^^^^^

warning: missing documentation for an associated function
   --> src\observability\health.rs:521:9
    |
521 |         pub fn new(checker: Arc<HealthChecker>) -> Self {
    |         ^^^^^^^^^^^^^^^^^^^^^^^^^^^^^^^^^^^^^^^^^^^^^^^

warning: missing documentation for an associated function
   --> src\observability\logging.rs:192:5
    |
192 |     pub fn new(config: LogConfig) -> Self {
    |     ^^^^^^^^^^^^^^^^^^^^^^^^^^^^^^^^^^^^^

warning: missing documentation for a macro
   --> src\observability\logging.rs:426:1
    |
426 | macro_rules! error_log {
    | ^^^^^^^^^^^^^^^^^^^^^^

warning: missing documentation for a macro
   --> src\observability\logging.rs:433:1
    |
433 | macro_rules! warn_log {
    | ^^^^^^^^^^^^^^^^^^^^^

warning: missing documentation for a macro
   --> src\observability\logging.rs:440:1
    |
440 | macro_rules! debug_log {
    | ^^^^^^^^^^^^^^^^^^^^^^

warning: missing documentation for an associated function
   --> src\observability\logging.rs:457:5
    |
457 |     pub fn new(inner: F) -> Self {
    |     ^^^^^^^^^^^^^^^^^^^^^^^^^^^^

warning: missing documentation for a method
   --> src\observability\logging.rs:492:5
    |
492 |     fn preserve_context(self) -> 
ContextPreservingFuture<Self> {
    |     ^^^^^^^^^^^^^^^^^^^^^^^^^^^^^^^^^^^^^^^^^^^^^^^^^^^^^^^^^^

warning: missing documentation for an associated function
  --> src\observability\performance.rs:35:5
   |
35 |     pub fn new(max_cardinality: usize) -> Self {
   |     ^^^^^^^^^^^^^^^^^^^^^^^^^^^^^^^^^^^^^^^^^^

warning: missing documentation for an associated function
   --> src\observability\performance.rs:229:5
    |
229 |     pub fn new(config: &ObservabilityPerfConfig) -> Self {
    |     ^^^^^^^^^^^^^^^^^^^^^^^^^^^^^^^^^^^^^^^^^^^^^^^^^^^^

warning: missing documentation for a method
   --> src\observability\performance.rs:237:5
    |
237 |     pub fn cardinality_limiter(&self) -> 
Arc<CardinalityLimiter> {
    |     
^^^^^^^^^^^^^^^^^^^^^^^^^^^^^^^^^^^^^^^^^^^^^^^^^^^^^^^^^^^^

warning: missing documentation for an associated function
   --> src\observability\performance.rs:267:5
    |
267 |     pub fn new(memory_limit: usize, estimated_span_size: 
usize) -> Self {
    |     
^^^^^^^^^^^^^^^^^^^^^^^^^^^^^^^^^^^^^^^^^^^^^^^^^^^^^^^^^^^^^^^^^^^

warning: missing documentation for a method
   --> src\observability\performance.rs:277:5
    |
277 |     pub fn push(&mut self, span: T) -> bool {
    |     ^^^^^^^^^^^^^^^^^^^^^^^^^^^^^^^^^^^^^^^

warning: missing documentation for a method
   --> src\observability\performance.rs:289:5
    |
289 |     pub fn pop_batch(&mut self, batch_size: usize) -> Vec<T> {
    |     ^^^^^^^^^^^^^^^^^^^^^^^^^^^^^^^^^^^^^^^^^^^^^^^^^^^^^^^^

warning: missing documentation for a method
   --> src\observability\performance.rs:302:5
    |
302 |     pub fn len(&self) -> usize {
    |     ^^^^^^^^^^^^^^^^^^^^^^^^^^

warning: missing documentation for a method
   --> src\observability\performance.rs:306:5
    |
306 |     pub fn is_empty(&self) -> bool {
    |     ^^^^^^^^^^^^^^^^^^^^^^^^^^^^^^

warning: missing documentation for a method
   --> src\observability\performance.rs:310:5
    |
310 |     pub fn dropped_count(&self) -> u64 {
    |     ^^^^^^^^^^^^^^^^^^^^^^^^^^^^^^^^^^

warning: missing documentation for a method
   --> src\observability\performance.rs:314:5
    |
314 |     pub fn memory_usage(&self) -> usize {
    |     ^^^^^^^^^^^^^^^^^^^^^^^^^^^^^^^^^^^

warning: missing documentation for a method
   --> src\observability\performance.rs:318:5
    |
318 |     pub fn memory_limit(&self) -> usize {
    |     ^^^^^^^^^^^^^^^^^^^^^^^^^^^^^^^^^^^

warning: missing documentation for a struct field
  --> src\observability\server.rs:33:5
   |
33 |     pub metrics: Arc<MetricsCollector>,
   |     ^^^^^^^^^^^^^^^^^^^^^^^^^^^^^^^^^^

warning: missing documentation for a struct field
  --> src\observability\server.rs:34:5
   |
34 |     pub health: Arc<HealthChecker>,
   |     ^^^^^^^^^^^^^^^^^^^^^^^^^^^^^^

warning: missing documentation for a struct field
  --> src\observability\server.rs:35:5
   |
35 |     pub start_time: Instant,
   |     ^^^^^^^^^^^^^^^^^^^^^^^

warning: missing documentation for an associated function
  --> src\observability\server.rs:39:5
   |
39 | /     pub fn new(
40 | |         metrics: Arc<MetricsCollector>,
41 | |         health: Arc<HealthChecker>,
42 | |     ) -> Self {
   | |_____________^

warning: `rtdb` (lib) generated 543 warnings (run `cargo fix --lib 
-p rtdb` to apply 32 suggestions)
    Finished `dev` profile [unoptimized + debuginfo] target(s) in 
2.71s
